---
http_interactions:
- request:
    method: get
    uri: https://api.stripe.com/v1/customers/cus_Ewrqfena1Ve8Pc
    body:
      encoding: US-ASCII
      string: ''
    headers:
      User-Agent:
      - Stripe/v1 RubyBindings/4.12.0
      Authorization:
      - Bearer sk_test_WpL6hAXT7brfG79UaViblroq00X4X2uvkS
      Content-Type:
      - application/x-www-form-urlencoded
      X-Stripe-Client-User-Agent:
      - '{"bindings_version":"4.12.0","lang":"ruby","lang_version":"2.5.3 p105 (2018-10-18)","platform":"x86_64-darwin18","engine":"ruby","publisher":"stripe","uname":"Darwin
        sernpidal 18.2.0 Darwin Kernel Version 18.2.0: Thu Dec 20 20:46:53 PST 2018;
        root:xnu-4903.241.1~1/RELEASE_X86_64 x86_64","hostname":"sernpidal"}'
      Stripe-Account:
      - acct_1ESxHQGrdnhANdIV
      Accept-Encoding:
      - gzip;q=1.0,deflate;q=0.6,identity;q=0.3
      Accept:
      - "*/*"
      Connection:
      - keep-alive
      Keep-Alive:
      - '30'
  response:
    status:
      code: 200
      message: OK
    headers:
      Server:
      - nginx
      Date:
      - Thu, 25 Apr 2019 03:19:14 GMT
      Content-Type:
      - application/json
      Content-Length:
      - '4946'
      Connection:
      - keep-alive
      Access-Control-Allow-Credentials:
      - 'true'
      Access-Control-Allow-Methods:
      - GET, POST, HEAD, OPTIONS, DELETE
      Access-Control-Allow-Origin:
      - "*"
      Access-Control-Expose-Headers:
      - Request-Id, Stripe-Manage-Version, X-Stripe-External-Auth-Required, X-Stripe-Privileged-Session-Required
      Access-Control-Max-Age:
      - '300'
      Cache-Control:
      - no-cache, no-store
      Request-Id:
      - req_LLlKKSpVTaL7ra
      Stripe-Account:
      - acct_1ESxHQGrdnhANdIV
      Stripe-Version:
      - '2019-03-14'
      Strict-Transport-Security:
      - max-age=31556926; includeSubDomains; preload
    body:
      encoding: UTF-8
      string: |
        {
          "id": "cus_Ewrqfena1Ve8Pc",
          "object": "customer",
          "account_balance": 0,
          "address": null,
          "created": 1556162349,
          "currency": "usd",
          "default_source": "card_1ESy76GrdnhANdIVPf1ZoyXW",
          "delinquent": false,
          "description": "normand@jenkinsheaney.io for ",
          "discount": null,
          "email": null,
          "invoice_prefix": "7987774B",
          "invoice_settings": {
            "custom_fields": null,
            "default_payment_method": null,
            "footer": null
          },
          "livemode": false,
          "metadata": {
          },
          "name": null,
          "phone": null,
          "preferred_locales": [

          ],
          "shipping": null,
          "sources": {
            "object": "list",
            "data": [
              {
                "id": "card_1ESy76GrdnhANdIVPf1ZoyXW",
                "object": "card",
                "address_city": null,
                "address_country": null,
                "address_line1": null,
                "address_line1_check": null,
                "address_line2": null,
                "address_state": null,
                "address_zip": "92928",
                "address_zip_check": "pass",
                "brand": "Visa",
                "country": "US",
                "customer": "cus_Ewrqfena1Ve8Pc",
                "cvc_check": "pass",
                "dynamic_last4": null,
                "exp_month": 3,
                "exp_year": 2020,
                "fingerprint": "c7AvuxS6jv5p8NBJ",
                "funding": "credit",
                "last4": "4242",
                "metadata": {
                },
                "name": null,
                "tokenization_method": null
              }
            ],
            "has_more": false,
            "total_count": 1,
            "url": "/v1/customers/cus_Ewrqfena1Ve8Pc/sources"
          },
          "subscriptions": {
            "object": "list",
            "data": [
              {
                "id": "sub_Ewrqi1mmh69xyZ",
                "object": "subscription",
                "application_fee_percent": 15.0,
                "billing": "charge_automatically",
                "billing_cycle_anchor": 1556162350,
                "billing_thresholds": null,
                "cancel_at": null,
                "cancel_at_period_end": false,
                "canceled_at": null,
                "created": 1556162350,
                "current_period_end": 1558754350,
                "current_period_start": 1556162350,
                "customer": "cus_Ewrqfena1Ve8Pc",
                "days_until_due": null,
                "default_payment_method": null,
                "default_source": null,
                "default_tax_rates": [

                ],
                "discount": null,
                "ended_at": null,
                "items": {
                  "object": "list",
                  "data": [
                    {
                      "id": "si_EwrqHGtGJkR2sD",
                      "object": "subscription_item",
                      "billing_thresholds": null,
                      "created": 1556162350,
                      "metadata": {
                      },
                      "plan": {
                        "id": "plan_Ewrq9YZeNOax7R",
                        "object": "plan",
                        "active": true,
                        "aggregate_usage": null,
                        "amount": 500,
                        "billing_scheme": "per_unit",
                        "created": 1556162348,
                        "currency": "usd",
                        "interval": "month",
                        "interval_count": 1,
                        "livemode": false,
                        "metadata": {
                        },
                        "nickname": "Ampled Support $5",
                        "product": "prod_EwrqMbuD0lahOP",
                        "tiers": null,
                        "tiers_mode": null,
                        "transform_usage": null,
                        "trial_period_days": null,
                        "usage_type": "licensed"
                      },
                      "quantity": 1,
                      "subscription": "sub_Ewrqi1mmh69xyZ",
                      "tax_rates": [

                      ]
                    }
                  ],
                  "has_more": false,
                  "total_count": 1,
                  "url": "/v1/subscription_items?subscription=sub_Ewrqi1mmh69xyZ"
                },
                "latest_invoice": "in_1ESy78GrdnhANdIVRkAYHnm9",
                "livemode": false,
                "metadata": {
                },
                "plan": {
                  "id": "plan_Ewrq9YZeNOax7R",
                  "object": "plan",
                  "active": true,
                  "aggregate_usage": null,
                  "amount": 500,
                  "billing_scheme": "per_unit",
                  "created": 1556162348,
                  "currency": "usd",
                  "interval": "month",
                  "interval_count": 1,
                  "livemode": false,
                  "metadata": {
                  },
                  "nickname": "Ampled Support $5",
                  "product": "prod_EwrqMbuD0lahOP",
                  "tiers": null,
                  "tiers_mode": null,
                  "transform_usage": null,
                  "trial_period_days": null,
                  "usage_type": "licensed"
                },
                "quantity": 1,
                "schedule": null,
                "start": 1556162350,
                "status": "active",
                "tax_percent": null,
                "trial_end": null,
                "trial_start": null
              }
            ],
            "has_more": false,
            "total_count": 1,
            "url": "/v1/customers/cus_Ewrqfena1Ve8Pc/subscriptions"
          },
          "tax_exempt": "none",
          "tax_ids": {
            "object": "list",
            "data": [

            ],
            "has_more": false,
            "total_count": 0,
            "url": "/v1/customers/cus_Ewrqfena1Ve8Pc/tax_ids"
          },
          "tax_info": null,
          "tax_info_verification": null
        }
    http_version: 
  recorded_at: Thu, 25 Apr 2019 03:19:14 GMT
- request:
    method: get
    uri: https://api.stripe.com/v1/customers/cus_ExdF84gErP1aBr
    body:
      encoding: US-ASCII
      string: ''
    headers:
      User-Agent:
      - Stripe/v1 RubyBindings/4.12.0
      Authorization:
      - Bearer sk_test_WpL6hAXT7brfG79UaViblroq00X4X2uvkS
      Content-Type:
      - application/x-www-form-urlencoded
      X-Stripe-Client-User-Agent:
      - '{"bindings_version":"4.12.0","lang":"ruby","lang_version":"2.5.3 p105 (2018-10-18)","platform":"x86_64-darwin18","engine":"ruby","publisher":"stripe","uname":"Darwin
        sernpidal 18.2.0 Darwin Kernel Version 18.2.0: Thu Dec 20 20:46:53 PST 2018;
        root:xnu-4903.241.1~1/RELEASE_X86_64 x86_64","hostname":"sernpidal"}'
      Stripe-Account:
      - acct_1ESxHQGrdnhANdIV
      Accept-Encoding:
      - gzip;q=1.0,deflate;q=0.6,identity;q=0.3
      Accept:
      - "*/*"
      Connection:
      - keep-alive
      Keep-Alive:
      - '30'
  response:
    status:
      code: 200
      message: OK
    headers:
      Server:
      - nginx
      Date:
      - Sat, 27 Apr 2019 04:18:19 GMT
      Content-Type:
      - application/json
      Content-Length:
      - '4942'
      Connection:
      - keep-alive
      Access-Control-Allow-Credentials:
      - 'true'
      Access-Control-Allow-Methods:
      - GET, POST, HEAD, OPTIONS, DELETE
      Access-Control-Allow-Origin:
      - "*"
      Access-Control-Expose-Headers:
      - Request-Id, Stripe-Manage-Version, X-Stripe-External-Auth-Required, X-Stripe-Privileged-Session-Required
      Access-Control-Max-Age:
      - '300'
      Cache-Control:
      - no-cache, no-store
      Request-Id:
      - req_g2dnGHWEcr1bQg
      Stripe-Account:
      - acct_1ESxHQGrdnhANdIV
      Stripe-Version:
      - '2019-03-14'
      Strict-Transport-Security:
      - max-age=31556926; includeSubDomains; preload
    body:
      encoding: UTF-8
      string: |
        {
          "id": "cus_ExdF84gErP1aBr",
          "object": "customer",
          "account_balance": 0,
          "address": null,
          "created": 1556338696,
          "currency": "usd",
          "default_source": "card_1EThzQGrdnhANdIVPAb1IwYs",
          "delinquent": false,
          "description": "terresa@moriette.org for ",
          "discount": null,
          "email": null,
          "invoice_prefix": "31E8F5F8",
          "invoice_settings": {
            "custom_fields": null,
            "default_payment_method": null,
            "footer": null
          },
          "livemode": false,
          "metadata": {
          },
          "name": null,
          "phone": null,
          "preferred_locales": [

          ],
          "shipping": null,
          "sources": {
            "object": "list",
            "data": [
              {
                "id": "card_1EThzQGrdnhANdIVPAb1IwYs",
                "object": "card",
                "address_city": null,
                "address_country": null,
                "address_line1": null,
                "address_line1_check": null,
                "address_line2": null,
                "address_state": null,
                "address_zip": "92928",
                "address_zip_check": "pass",
                "brand": "Visa",
                "country": "US",
                "customer": "cus_ExdF84gErP1aBr",
                "cvc_check": "pass",
                "dynamic_last4": null,
                "exp_month": 3,
                "exp_year": 2020,
                "fingerprint": "c7AvuxS6jv5p8NBJ",
                "funding": "credit",
                "last4": "4242",
                "metadata": {
                },
                "name": null,
                "tokenization_method": null
              }
            ],
            "has_more": false,
            "total_count": 1,
            "url": "/v1/customers/cus_ExdF84gErP1aBr/sources"
          },
          "subscriptions": {
            "object": "list",
            "data": [
              {
                "id": "sub_ExdF8PKgvyJQeg",
                "object": "subscription",
                "application_fee_percent": 15.0,
                "billing": "charge_automatically",
                "billing_cycle_anchor": 1556338697,
                "billing_thresholds": null,
                "cancel_at": null,
                "cancel_at_period_end": false,
                "canceled_at": null,
                "created": 1556338697,
                "current_period_end": 1558930697,
                "current_period_start": 1556338697,
                "customer": "cus_ExdF84gErP1aBr",
                "days_until_due": null,
                "default_payment_method": null,
                "default_source": null,
                "default_tax_rates": [

                ],
                "discount": null,
                "ended_at": null,
                "items": {
                  "object": "list",
                  "data": [
                    {
                      "id": "si_ExdFmzm3lJbIWC",
                      "object": "subscription_item",
                      "billing_thresholds": null,
                      "created": 1556338698,
                      "metadata": {
                      },
                      "plan": {
                        "id": "plan_ExdFMz2GEhwqn1",
                        "object": "plan",
                        "active": true,
                        "aggregate_usage": null,
                        "amount": 500,
                        "billing_scheme": "per_unit",
                        "created": 1556338695,
                        "currency": "usd",
                        "interval": "month",
                        "interval_count": 1,
                        "livemode": false,
                        "metadata": {
                        },
                        "nickname": "Ampled Support $5",
                        "product": "prod_ExdFFFqKuSifBd",
                        "tiers": null,
                        "tiers_mode": null,
                        "transform_usage": null,
                        "trial_period_days": null,
                        "usage_type": "licensed"
                      },
                      "quantity": 1,
                      "subscription": "sub_ExdF8PKgvyJQeg",
                      "tax_rates": [

                      ]
                    }
                  ],
                  "has_more": false,
                  "total_count": 1,
                  "url": "/v1/subscription_items?subscription=sub_ExdF8PKgvyJQeg"
                },
                "latest_invoice": "in_1EThzRGrdnhANdIVN7ERiX2U",
                "livemode": false,
                "metadata": {
                },
                "plan": {
                  "id": "plan_ExdFMz2GEhwqn1",
                  "object": "plan",
                  "active": true,
                  "aggregate_usage": null,
                  "amount": 500,
                  "billing_scheme": "per_unit",
                  "created": 1556338695,
                  "currency": "usd",
                  "interval": "month",
                  "interval_count": 1,
                  "livemode": false,
                  "metadata": {
                  },
                  "nickname": "Ampled Support $5",
                  "product": "prod_ExdFFFqKuSifBd",
                  "tiers": null,
                  "tiers_mode": null,
                  "transform_usage": null,
                  "trial_period_days": null,
                  "usage_type": "licensed"
                },
                "quantity": 1,
                "schedule": null,
                "start": 1556338697,
                "status": "active",
                "tax_percent": null,
                "trial_end": null,
                "trial_start": null
              }
            ],
            "has_more": false,
            "total_count": 1,
            "url": "/v1/customers/cus_ExdF84gErP1aBr/subscriptions"
          },
          "tax_exempt": "none",
          "tax_ids": {
            "object": "list",
            "data": [

            ],
            "has_more": false,
            "total_count": 0,
            "url": "/v1/customers/cus_ExdF84gErP1aBr/tax_ids"
          },
          "tax_info": null,
          "tax_info_verification": null
        }
    http_version: 
  recorded_at: Sat, 27 Apr 2019 04:18:20 GMT
- request:
    method: get
    uri: https://api.stripe.com/v1/products/prod_ExdKsKUxQtEufL
    body:
      encoding: US-ASCII
      string: ''
    headers:
      User-Agent:
      - Stripe/v1 RubyBindings/4.12.0
      Authorization:
      - Bearer sk_test_WpL6hAXT7brfG79UaViblroq00X4X2uvkS
      Content-Type:
      - application/x-www-form-urlencoded
      X-Stripe-Client-User-Agent:
      - '{"bindings_version":"4.12.0","lang":"ruby","lang_version":"2.5.3 p105 (2018-10-18)","platform":"x86_64-darwin18","engine":"ruby","publisher":"stripe","uname":"Darwin
        sernpidal 18.2.0 Darwin Kernel Version 18.2.0: Thu Dec 20 20:46:53 PST 2018;
        root:xnu-4903.241.1~1/RELEASE_X86_64 x86_64","hostname":"sernpidal"}'
      Stripe-Account:
      - acct_1ESxHQGrdnhANdIV
      Accept-Encoding:
      - gzip;q=1.0,deflate;q=0.6,identity;q=0.3
      Accept:
      - "*/*"
      Connection:
      - keep-alive
      Keep-Alive:
      - '30'
  response:
    status:
      code: 200
      message: OK
    headers:
      Server:
      - nginx
      Date:
      - Sat, 27 Apr 2019 04:22:32 GMT
      Content-Type:
      - application/json
      Content-Length:
      - '422'
      Connection:
      - keep-alive
      Access-Control-Allow-Credentials:
      - 'true'
      Access-Control-Allow-Methods:
      - GET, POST, HEAD, OPTIONS, DELETE
      Access-Control-Allow-Origin:
      - "*"
      Access-Control-Expose-Headers:
      - Request-Id, Stripe-Manage-Version, X-Stripe-External-Auth-Required, X-Stripe-Privileged-Session-Required
      Access-Control-Max-Age:
      - '300'
      Cache-Control:
      - no-cache, no-store
      Request-Id:
      - req_rvaa3aiovHLAFE
      Stripe-Account:
      - acct_1ESxHQGrdnhANdIV
      Stripe-Version:
      - '2019-03-14'
      Strict-Transport-Security:
      - max-age=31556926; includeSubDomains; preload
    body:
      encoding: UTF-8
      string: |
        {
          "id": "prod_ExdKsKUxQtEufL",
          "object": "product",
          "active": true,
          "attributes": [

          ],
          "caption": null,
          "created": 1556338951,
          "description": null,
          "images": [

          ],
          "livemode": false,
          "metadata": {
          },
          "name": "Ampled Support",
          "package_dimensions": null,
          "shippable": null,
          "statement_descriptor": null,
          "type": "service",
          "unit_label": null,
          "updated": 1556338951,
          "url": null
        }
    http_version: 
  recorded_at: Sat, 27 Apr 2019 04:22:32 GMT
- request:
    method: get
    uri: https://api.stripe.com/v1/customers/cus_ExdKNK6mF1MuUM
    body:
      encoding: US-ASCII
      string: ''
    headers:
      User-Agent:
      - Stripe/v1 RubyBindings/4.12.0
      Authorization:
      - Bearer sk_test_WpL6hAXT7brfG79UaViblroq00X4X2uvkS
      Content-Type:
      - application/x-www-form-urlencoded
      X-Stripe-Client-User-Agent:
      - '{"bindings_version":"4.12.0","lang":"ruby","lang_version":"2.5.3 p105 (2018-10-18)","platform":"x86_64-darwin18","engine":"ruby","publisher":"stripe","uname":"Darwin
        sernpidal 18.2.0 Darwin Kernel Version 18.2.0: Thu Dec 20 20:46:53 PST 2018;
        root:xnu-4903.241.1~1/RELEASE_X86_64 x86_64","hostname":"sernpidal"}'
      Stripe-Account:
      - acct_1ESxHQGrdnhANdIV
      Accept-Encoding:
      - gzip;q=1.0,deflate;q=0.6,identity;q=0.3
      Accept:
      - "*/*"
      Connection:
      - keep-alive
      Keep-Alive:
      - '30'
  response:
    status:
      code: 200
      message: OK
    headers:
      Server:
      - nginx
      Date:
      - Sat, 27 Apr 2019 04:22:36 GMT
      Content-Type:
      - application/json
      Content-Length:
      - '4946'
      Connection:
      - keep-alive
      Access-Control-Allow-Credentials:
      - 'true'
      Access-Control-Allow-Methods:
      - GET, POST, HEAD, OPTIONS, DELETE
      Access-Control-Allow-Origin:
      - "*"
      Access-Control-Expose-Headers:
      - Request-Id, Stripe-Manage-Version, X-Stripe-External-Auth-Required, X-Stripe-Privileged-Session-Required
      Access-Control-Max-Age:
      - '300'
      Cache-Control:
      - no-cache, no-store
      Request-Id:
      - req_r93TscrXO3cejx
      Stripe-Account:
      - acct_1ESxHQGrdnhANdIV
      Stripe-Version:
      - '2019-03-14'
      Strict-Transport-Security:
      - max-age=31556926; includeSubDomains; preload
    body:
      encoding: UTF-8
      string: |
        {
          "id": "cus_ExdKNK6mF1MuUM",
          "object": "customer",
          "account_balance": 0,
          "address": null,
          "created": 1556338953,
          "currency": "usd",
          "default_source": "card_1ETi3ZGrdnhANdIVBcnM3i3y",
          "delinquent": false,
          "description": "meaghanhackett@thiel.biz for ",
          "discount": null,
          "email": null,
          "invoice_prefix": "E34D53C0",
          "invoice_settings": {
            "custom_fields": null,
            "default_payment_method": null,
            "footer": null
          },
          "livemode": false,
          "metadata": {
          },
          "name": null,
          "phone": null,
          "preferred_locales": [

          ],
          "shipping": null,
          "sources": {
            "object": "list",
            "data": [
              {
                "id": "card_1ETi3ZGrdnhANdIVBcnM3i3y",
                "object": "card",
                "address_city": null,
                "address_country": null,
                "address_line1": null,
                "address_line1_check": null,
                "address_line2": null,
                "address_state": null,
                "address_zip": "92928",
                "address_zip_check": "pass",
                "brand": "Visa",
                "country": "US",
                "customer": "cus_ExdKNK6mF1MuUM",
                "cvc_check": "pass",
                "dynamic_last4": null,
                "exp_month": 3,
                "exp_year": 2020,
                "fingerprint": "c7AvuxS6jv5p8NBJ",
                "funding": "credit",
                "last4": "4242",
                "metadata": {
                },
                "name": null,
                "tokenization_method": null
              }
            ],
            "has_more": false,
            "total_count": 1,
            "url": "/v1/customers/cus_ExdKNK6mF1MuUM/sources"
          },
          "subscriptions": {
            "object": "list",
            "data": [
              {
                "id": "sub_ExdKOcBxTVkC88",
                "object": "subscription",
                "application_fee_percent": 15.0,
                "billing": "charge_automatically",
                "billing_cycle_anchor": 1556338954,
                "billing_thresholds": null,
                "cancel_at": null,
                "cancel_at_period_end": false,
                "canceled_at": null,
                "created": 1556338954,
                "current_period_end": 1558930954,
                "current_period_start": 1556338954,
                "customer": "cus_ExdKNK6mF1MuUM",
                "days_until_due": null,
                "default_payment_method": null,
                "default_source": null,
                "default_tax_rates": [

                ],
                "discount": null,
                "ended_at": null,
                "items": {
                  "object": "list",
                  "data": [
                    {
                      "id": "si_ExdKC6MTcTc4EN",
                      "object": "subscription_item",
                      "billing_thresholds": null,
                      "created": 1556338955,
                      "metadata": {
                      },
                      "plan": {
                        "id": "plan_ExdKzQsYe4NSTH",
                        "object": "plan",
                        "active": true,
                        "aggregate_usage": null,
                        "amount": 500,
                        "billing_scheme": "per_unit",
                        "created": 1556338952,
                        "currency": "usd",
                        "interval": "month",
                        "interval_count": 1,
                        "livemode": false,
                        "metadata": {
                        },
                        "nickname": "Ampled Support $5",
                        "product": "prod_ExdKsKUxQtEufL",
                        "tiers": null,
                        "tiers_mode": null,
                        "transform_usage": null,
                        "trial_period_days": null,
                        "usage_type": "licensed"
                      },
                      "quantity": 1,
                      "subscription": "sub_ExdKOcBxTVkC88",
                      "tax_rates": [

                      ]
                    }
                  ],
                  "has_more": false,
                  "total_count": 1,
                  "url": "/v1/subscription_items?subscription=sub_ExdKOcBxTVkC88"
                },
                "latest_invoice": "in_1ETi3aGrdnhANdIVqa5EEe5q",
                "livemode": false,
                "metadata": {
                },
                "plan": {
                  "id": "plan_ExdKzQsYe4NSTH",
                  "object": "plan",
                  "active": true,
                  "aggregate_usage": null,
                  "amount": 500,
                  "billing_scheme": "per_unit",
                  "created": 1556338952,
                  "currency": "usd",
                  "interval": "month",
                  "interval_count": 1,
                  "livemode": false,
                  "metadata": {
                  },
                  "nickname": "Ampled Support $5",
                  "product": "prod_ExdKsKUxQtEufL",
                  "tiers": null,
                  "tiers_mode": null,
                  "transform_usage": null,
                  "trial_period_days": null,
                  "usage_type": "licensed"
                },
                "quantity": 1,
                "schedule": null,
                "start": 1556338954,
                "status": "active",
                "tax_percent": null,
                "trial_end": null,
                "trial_start": null
              }
            ],
            "has_more": false,
            "total_count": 1,
            "url": "/v1/customers/cus_ExdKNK6mF1MuUM/subscriptions"
          },
          "tax_exempt": "none",
          "tax_ids": {
            "object": "list",
            "data": [

            ],
            "has_more": false,
            "total_count": 0,
            "url": "/v1/customers/cus_ExdKNK6mF1MuUM/tax_ids"
          },
          "tax_info": null,
          "tax_info_verification": null
        }
    http_version: 
  recorded_at: Sat, 27 Apr 2019 04:22:36 GMT
- request:
    method: get
    uri: https://api.stripe.com/v1/products/prod_ExdjWBum9JMR8e
    body:
      encoding: US-ASCII
      string: ''
    headers:
      User-Agent:
      - Stripe/v1 RubyBindings/4.12.0
      Authorization:
      - Bearer sk_test_WpL6hAXT7brfG79UaViblroq00X4X2uvkS
      Content-Type:
      - application/x-www-form-urlencoded
      X-Stripe-Client-User-Agent:
      - '{"bindings_version":"4.12.0","lang":"ruby","lang_version":"2.5.3 p105 (2018-10-18)","platform":"x86_64-darwin18","engine":"ruby","publisher":"stripe","uname":"Darwin
        sernpidal 18.2.0 Darwin Kernel Version 18.2.0: Thu Dec 20 20:46:53 PST 2018;
        root:xnu-4903.241.1~1/RELEASE_X86_64 x86_64","hostname":"sernpidal"}'
      Stripe-Account:
      - acct_1ESxHQGrdnhANdIV
      Accept-Encoding:
      - gzip;q=1.0,deflate;q=0.6,identity;q=0.3
      Accept:
      - "*/*"
      Connection:
      - keep-alive
      Keep-Alive:
      - '30'
  response:
    status:
      code: 200
      message: OK
    headers:
      Server:
      - nginx
      Date:
      - Sat, 27 Apr 2019 04:47:26 GMT
      Content-Type:
      - application/json
      Content-Length:
      - '422'
      Connection:
      - keep-alive
      Access-Control-Allow-Credentials:
      - 'true'
      Access-Control-Allow-Methods:
      - GET, POST, HEAD, OPTIONS, DELETE
      Access-Control-Allow-Origin:
      - "*"
      Access-Control-Expose-Headers:
      - Request-Id, Stripe-Manage-Version, X-Stripe-External-Auth-Required, X-Stripe-Privileged-Session-Required
      Access-Control-Max-Age:
      - '300'
      Cache-Control:
      - no-cache, no-store
      Request-Id:
      - req_76LbpDYMzNCsbE
      Stripe-Account:
      - acct_1ESxHQGrdnhANdIV
      Stripe-Version:
      - '2019-03-14'
      Strict-Transport-Security:
      - max-age=31556926; includeSubDomains; preload
    body:
      encoding: UTF-8
      string: |
        {
          "id": "prod_ExdjWBum9JMR8e",
          "object": "product",
          "active": true,
          "attributes": [

          ],
          "caption": null,
          "created": 1556340445,
          "description": null,
          "images": [

          ],
          "livemode": false,
          "metadata": {
          },
          "name": "Ampled Support",
          "package_dimensions": null,
          "shippable": null,
          "statement_descriptor": null,
          "type": "service",
          "unit_label": null,
          "updated": 1556340445,
          "url": null
        }
    http_version: 
  recorded_at: Sat, 27 Apr 2019 04:47:26 GMT
- request:
    method: get
    uri: https://api.stripe.com/v1/customers/cus_ExdjVBmEKIwjVL
    body:
      encoding: US-ASCII
      string: ''
    headers:
      User-Agent:
      - Stripe/v1 RubyBindings/4.12.0
      Authorization:
      - Bearer sk_test_WpL6hAXT7brfG79UaViblroq00X4X2uvkS
      Content-Type:
      - application/x-www-form-urlencoded
      X-Stripe-Client-User-Agent:
      - '{"bindings_version":"4.12.0","lang":"ruby","lang_version":"2.5.3 p105 (2018-10-18)","platform":"x86_64-darwin18","engine":"ruby","publisher":"stripe","uname":"Darwin
        sernpidal 18.2.0 Darwin Kernel Version 18.2.0: Thu Dec 20 20:46:53 PST 2018;
        root:xnu-4903.241.1~1/RELEASE_X86_64 x86_64","hostname":"sernpidal"}'
      Stripe-Account:
      - acct_1ESxHQGrdnhANdIV
      Accept-Encoding:
      - gzip;q=1.0,deflate;q=0.6,identity;q=0.3
      Accept:
      - "*/*"
      Connection:
      - keep-alive
      Keep-Alive:
      - '30'
  response:
    status:
      code: 200
      message: OK
    headers:
      Server:
      - nginx
      Date:
      - Sat, 27 Apr 2019 04:47:30 GMT
      Content-Type:
      - application/json
      Content-Length:
      - '4943'
      Connection:
      - keep-alive
      Access-Control-Allow-Credentials:
      - 'true'
      Access-Control-Allow-Methods:
      - GET, POST, HEAD, OPTIONS, DELETE
      Access-Control-Allow-Origin:
      - "*"
      Access-Control-Expose-Headers:
      - Request-Id, Stripe-Manage-Version, X-Stripe-External-Auth-Required, X-Stripe-Privileged-Session-Required
      Access-Control-Max-Age:
      - '300'
      Cache-Control:
      - no-cache, no-store
      Request-Id:
      - req_mRrTEZ2DWFjEit
      Stripe-Account:
      - acct_1ESxHQGrdnhANdIV
      Stripe-Version:
      - '2019-03-14'
      Strict-Transport-Security:
      - max-age=31556926; includeSubDomains; preload
    body:
      encoding: UTF-8
      string: |
        {
          "id": "cus_ExdjVBmEKIwjVL",
          "object": "customer",
          "account_balance": 0,
          "address": null,
          "created": 1556340447,
          "currency": "usd",
          "default_source": "card_1ETiRfGrdnhANdIVRm1tiSfG",
          "delinquent": false,
          "description": "davis@gutmann.net for ",
          "discount": null,
          "email": null,
          "invoice_prefix": "9BCF042A",
          "invoice_settings": {
            "custom_fields": null,
            "default_payment_method": null,
            "footer": null
          },
          "livemode": false,
          "metadata": {
          },
          "name": null,
          "phone": null,
          "preferred_locales": [

          ],
          "shipping": null,
          "sources": {
            "object": "list",
            "data": [
              {
                "id": "card_1ETiRfGrdnhANdIVRm1tiSfG",
                "object": "card",
                "address_city": null,
                "address_country": null,
                "address_line1": null,
                "address_line1_check": null,
                "address_line2": null,
                "address_state": null,
                "address_zip": "92928",
                "address_zip_check": "pass",
                "brand": "Visa",
                "country": "US",
                "customer": "cus_ExdjVBmEKIwjVL",
                "cvc_check": "pass",
                "dynamic_last4": null,
                "exp_month": 3,
                "exp_year": 2020,
                "fingerprint": "c7AvuxS6jv5p8NBJ",
                "funding": "credit",
                "last4": "4242",
                "metadata": {
                },
                "name": null,
                "tokenization_method": null
              }
            ],
            "has_more": false,
            "total_count": 1,
            "url": "/v1/customers/cus_ExdjVBmEKIwjVL/sources"
          },
          "subscriptions": {
            "object": "list",
            "data": [
              {
                "id": "sub_Exdj3BObtZiGBR",
                "object": "subscription",
                "application_fee_percent": 15.0,
                "billing": "charge_automatically",
                "billing_cycle_anchor": 1556340448,
                "billing_thresholds": null,
                "cancel_at": null,
                "cancel_at_period_end": false,
                "canceled_at": null,
                "created": 1556340448,
                "current_period_end": 1558932448,
                "current_period_start": 1556340448,
                "customer": "cus_ExdjVBmEKIwjVL",
                "days_until_due": null,
                "default_payment_method": null,
                "default_source": null,
                "default_tax_rates": [

                ],
                "discount": null,
                "ended_at": null,
                "items": {
                  "object": "list",
                  "data": [
                    {
                      "id": "si_ExdjAa6hc8VQRm",
                      "object": "subscription_item",
                      "billing_thresholds": null,
                      "created": 1556340448,
                      "metadata": {
                      },
                      "plan": {
                        "id": "plan_ExdjkhcSew97DB",
                        "object": "plan",
                        "active": true,
                        "aggregate_usage": null,
                        "amount": 10000,
                        "billing_scheme": "per_unit",
                        "created": 1556340446,
                        "currency": "usd",
                        "interval": "month",
                        "interval_count": 1,
                        "livemode": false,
                        "metadata": {
                        },
                        "nickname": "Ampled Support $5",
                        "product": "prod_ExdjWBum9JMR8e",
                        "tiers": null,
                        "tiers_mode": null,
                        "transform_usage": null,
                        "trial_period_days": null,
                        "usage_type": "licensed"
                      },
                      "quantity": 1,
                      "subscription": "sub_Exdj3BObtZiGBR",
                      "tax_rates": [

                      ]
                    }
                  ],
                  "has_more": false,
                  "total_count": 1,
                  "url": "/v1/subscription_items?subscription=sub_Exdj3BObtZiGBR"
                },
                "latest_invoice": "in_1ETiRgGrdnhANdIVebQcnxGI",
                "livemode": false,
                "metadata": {
                },
                "plan": {
                  "id": "plan_ExdjkhcSew97DB",
                  "object": "plan",
                  "active": true,
                  "aggregate_usage": null,
                  "amount": 10000,
                  "billing_scheme": "per_unit",
                  "created": 1556340446,
                  "currency": "usd",
                  "interval": "month",
                  "interval_count": 1,
                  "livemode": false,
                  "metadata": {
                  },
                  "nickname": "Ampled Support $5",
                  "product": "prod_ExdjWBum9JMR8e",
                  "tiers": null,
                  "tiers_mode": null,
                  "transform_usage": null,
                  "trial_period_days": null,
                  "usage_type": "licensed"
                },
                "quantity": 1,
                "schedule": null,
                "start": 1556340448,
                "status": "active",
                "tax_percent": null,
                "trial_end": null,
                "trial_start": null
              }
            ],
            "has_more": false,
            "total_count": 1,
            "url": "/v1/customers/cus_ExdjVBmEKIwjVL/subscriptions"
          },
          "tax_exempt": "none",
          "tax_ids": {
            "object": "list",
            "data": [

            ],
            "has_more": false,
            "total_count": 0,
            "url": "/v1/customers/cus_ExdjVBmEKIwjVL/tax_ids"
          },
          "tax_info": null,
          "tax_info_verification": null
        }
    http_version: 
  recorded_at: Sat, 27 Apr 2019 04:47:30 GMT
- request:
    method: get
    uri: https://api.stripe.com/v1/products/prod_F0wIDcLKeG2mtX
    body:
      encoding: US-ASCII
      string: ''
    headers:
      User-Agent:
      - Stripe/v1 RubyBindings/4.12.0
      Authorization:
      - Bearer sk_test_WpL6hAXT7brfG79UaViblroq00X4X2uvkS
      Content-Type:
      - application/x-www-form-urlencoded
      X-Stripe-Client-User-Agent:
      - '{"bindings_version":"4.12.0","lang":"ruby","lang_version":"2.5.3 p105 (2018-10-18)","platform":"x86_64-darwin18","engine":"ruby","publisher":"stripe","uname":"Darwin
        sernpidal 18.2.0 Darwin Kernel Version 18.2.0: Thu Dec 20 20:46:53 PST 2018;
        root:xnu-4903.241.1~1/RELEASE_X86_64 x86_64","hostname":"sernpidal"}'
      Stripe-Account:
      - acct_1ESxHQGrdnhANdIV
      Accept-Encoding:
      - gzip;q=1.0,deflate;q=0.6,identity;q=0.3
      Accept:
      - "*/*"
      Connection:
      - keep-alive
      Keep-Alive:
      - '30'
  response:
    status:
      code: 200
      message: OK
    headers:
      Server:
      - nginx
      Date:
      - Mon, 06 May 2019 00:10:23 GMT
      Content-Type:
      - application/json
      Content-Length:
      - '422'
      Connection:
      - keep-alive
      Access-Control-Allow-Credentials:
      - 'true'
      Access-Control-Allow-Methods:
      - GET, POST, HEAD, OPTIONS, DELETE
      Access-Control-Allow-Origin:
      - "*"
      Access-Control-Expose-Headers:
      - Request-Id, Stripe-Manage-Version, X-Stripe-External-Auth-Required, X-Stripe-Privileged-Session-Required
      Access-Control-Max-Age:
      - '300'
      Cache-Control:
      - no-cache, no-store
      Request-Id:
      - req_4R4WwuE2IFUn7Z
      Stripe-Account:
      - acct_1ESxHQGrdnhANdIV
      Stripe-Version:
      - '2019-03-14'
      Strict-Transport-Security:
      - max-age=31556926; includeSubDomains; preload
    body:
      encoding: UTF-8
      string: |
        {
          "id": "prod_F0wIDcLKeG2mtX",
          "object": "product",
          "active": true,
          "attributes": [

          ],
          "caption": null,
          "created": 1557101422,
          "description": null,
          "images": [

          ],
          "livemode": false,
          "metadata": {
          },
          "name": "Ampled Support",
          "package_dimensions": null,
          "shippable": null,
          "statement_descriptor": null,
          "type": "service",
          "unit_label": null,
          "updated": 1557101422,
          "url": null
        }
    http_version: 
  recorded_at: Mon, 06 May 2019 00:10:23 GMT
- request:
    method: get
    uri: https://api.stripe.com/v1/customers/cus_F0wIvhmqzMlmkx
    body:
      encoding: US-ASCII
      string: ''
    headers:
      User-Agent:
      - Stripe/v1 RubyBindings/4.12.0
      Authorization:
      - Bearer sk_test_WpL6hAXT7brfG79UaViblroq00X4X2uvkS
      Content-Type:
      - application/x-www-form-urlencoded
      X-Stripe-Client-User-Agent:
      - '{"bindings_version":"4.12.0","lang":"ruby","lang_version":"2.5.3 p105 (2018-10-18)","platform":"x86_64-darwin18","engine":"ruby","publisher":"stripe","uname":"Darwin
        sernpidal 18.2.0 Darwin Kernel Version 18.2.0: Thu Dec 20 20:46:53 PST 2018;
        root:xnu-4903.241.1~1/RELEASE_X86_64 x86_64","hostname":"sernpidal"}'
      Stripe-Account:
      - acct_1ESxHQGrdnhANdIV
      Accept-Encoding:
      - gzip;q=1.0,deflate;q=0.6,identity;q=0.3
      Accept:
      - "*/*"
      Connection:
      - keep-alive
      Keep-Alive:
      - '30'
  response:
    status:
      code: 200
      message: OK
    headers:
      Server:
      - nginx
      Date:
      - Mon, 06 May 2019 00:10:28 GMT
      Content-Type:
      - application/json
      Content-Length:
      - '4944'
      Connection:
      - keep-alive
      Access-Control-Allow-Credentials:
      - 'true'
      Access-Control-Allow-Methods:
      - GET, POST, HEAD, OPTIONS, DELETE
      Access-Control-Allow-Origin:
      - "*"
      Access-Control-Expose-Headers:
      - Request-Id, Stripe-Manage-Version, X-Stripe-External-Auth-Required, X-Stripe-Privileged-Session-Required
      Access-Control-Max-Age:
      - '300'
      Cache-Control:
      - no-cache, no-store
      Request-Id:
      - req_SKBP2rzxeXy5eD
      Stripe-Account:
      - acct_1ESxHQGrdnhANdIV
      Stripe-Version:
      - '2019-03-14'
      Strict-Transport-Security:
      - max-age=31556926; includeSubDomains; preload
    body:
      encoding: UTF-8
      string: |
        {
          "id": "cus_F0wIvhmqzMlmkx",
          "object": "customer",
          "account_balance": 0,
          "address": null,
          "created": 1557101424,
          "currency": "usd",
          "default_source": "card_1EWuPTGrdnhANdIVPRYPCShA",
          "delinquent": false,
          "description": "rebbecca@klein.biz for ",
          "discount": null,
          "email": null,
          "invoice_prefix": "B2D02020",
          "invoice_settings": {
            "custom_fields": null,
            "default_payment_method": null,
            "footer": null
          },
          "livemode": false,
          "metadata": {
          },
          "name": null,
          "phone": null,
          "preferred_locales": [

          ],
          "shipping": null,
          "sources": {
            "object": "list",
            "data": [
              {
                "id": "card_1EWuPTGrdnhANdIVPRYPCShA",
                "object": "card",
                "address_city": null,
                "address_country": null,
                "address_line1": null,
                "address_line1_check": null,
                "address_line2": null,
                "address_state": null,
                "address_zip": "92928",
                "address_zip_check": "pass",
                "brand": "Visa",
                "country": "US",
                "customer": "cus_F0wIvhmqzMlmkx",
                "cvc_check": "pass",
                "dynamic_last4": null,
                "exp_month": 3,
                "exp_year": 2020,
                "fingerprint": "c7AvuxS6jv5p8NBJ",
                "funding": "credit",
                "last4": "4242",
                "metadata": {
                },
                "name": null,
                "tokenization_method": null
              }
            ],
            "has_more": false,
            "total_count": 1,
            "url": "/v1/customers/cus_F0wIvhmqzMlmkx/sources"
          },
          "subscriptions": {
            "object": "list",
            "data": [
              {
                "id": "sub_F0wIMsIHgD3nQg",
                "object": "subscription",
                "application_fee_percent": 15.0,
                "billing": "charge_automatically",
                "billing_cycle_anchor": 1557101425,
                "billing_thresholds": null,
                "cancel_at": null,
                "cancel_at_period_end": false,
                "canceled_at": null,
                "created": 1557101425,
                "current_period_end": 1559779825,
                "current_period_start": 1557101425,
                "customer": "cus_F0wIvhmqzMlmkx",
                "days_until_due": null,
                "default_payment_method": null,
                "default_source": null,
                "default_tax_rates": [

                ],
                "discount": null,
                "ended_at": null,
                "items": {
                  "object": "list",
                  "data": [
                    {
                      "id": "si_F0wIAvXxyc7sir",
                      "object": "subscription_item",
                      "billing_thresholds": null,
                      "created": 1557101426,
                      "metadata": {
                      },
                      "plan": {
                        "id": "plan_F0wITcd7MFGoSk",
                        "object": "plan",
                        "active": true,
                        "aggregate_usage": null,
                        "amount": 10000,
                        "billing_scheme": "per_unit",
                        "created": 1557101423,
                        "currency": "usd",
                        "interval": "month",
                        "interval_count": 1,
                        "livemode": false,
                        "metadata": {
                        },
                        "nickname": "Ampled Support $5",
                        "product": "prod_F0wIDcLKeG2mtX",
                        "tiers": null,
                        "tiers_mode": null,
                        "transform_usage": null,
                        "trial_period_days": null,
                        "usage_type": "licensed"
                      },
                      "quantity": 1,
                      "subscription": "sub_F0wIMsIHgD3nQg",
                      "tax_rates": [

                      ]
                    }
                  ],
                  "has_more": false,
                  "total_count": 1,
                  "url": "/v1/subscription_items?subscription=sub_F0wIMsIHgD3nQg"
                },
                "latest_invoice": "in_1EWuPVGrdnhANdIVZSWLU4On",
                "livemode": false,
                "metadata": {
                },
                "plan": {
                  "id": "plan_F0wITcd7MFGoSk",
                  "object": "plan",
                  "active": true,
                  "aggregate_usage": null,
                  "amount": 10000,
                  "billing_scheme": "per_unit",
                  "created": 1557101423,
                  "currency": "usd",
                  "interval": "month",
                  "interval_count": 1,
                  "livemode": false,
                  "metadata": {
                  },
                  "nickname": "Ampled Support $5",
                  "product": "prod_F0wIDcLKeG2mtX",
                  "tiers": null,
                  "tiers_mode": null,
                  "transform_usage": null,
                  "trial_period_days": null,
                  "usage_type": "licensed"
                },
                "quantity": 1,
                "schedule": null,
                "start": 1557101425,
                "status": "active",
                "tax_percent": null,
                "trial_end": null,
                "trial_start": null
              }
            ],
            "has_more": false,
            "total_count": 1,
            "url": "/v1/customers/cus_F0wIvhmqzMlmkx/subscriptions"
          },
          "tax_exempt": "none",
          "tax_ids": {
            "object": "list",
            "data": [

            ],
            "has_more": false,
            "total_count": 0,
            "url": "/v1/customers/cus_F0wIvhmqzMlmkx/tax_ids"
          },
          "tax_info": null,
          "tax_info_verification": null
        }
    http_version: 
  recorded_at: Mon, 06 May 2019 00:10:28 GMT
- request:
    method: get
    uri: https://api.stripe.com/v1/products/prod_F0wTEjIDsiEpKZ
    body:
      encoding: US-ASCII
      string: ''
    headers:
      User-Agent:
      - Stripe/v1 RubyBindings/4.12.0
      Authorization:
      - Bearer sk_test_WpL6hAXT7brfG79UaViblroq00X4X2uvkS
      Content-Type:
      - application/x-www-form-urlencoded
      X-Stripe-Client-User-Agent:
      - '{"bindings_version":"4.12.0","lang":"ruby","lang_version":"2.5.3 p105 (2018-10-18)","platform":"x86_64-darwin18","engine":"ruby","publisher":"stripe","uname":"Darwin
        sernpidal 18.2.0 Darwin Kernel Version 18.2.0: Thu Dec 20 20:46:53 PST 2018;
        root:xnu-4903.241.1~1/RELEASE_X86_64 x86_64","hostname":"sernpidal"}'
      Stripe-Account:
      - acct_1ESxHQGrdnhANdIV
      Accept-Encoding:
      - gzip;q=1.0,deflate;q=0.6,identity;q=0.3
      Accept:
      - "*/*"
      Connection:
      - keep-alive
      Keep-Alive:
      - '30'
  response:
    status:
      code: 200
      message: OK
    headers:
      Server:
      - nginx
      Date:
      - Mon, 06 May 2019 00:22:07 GMT
      Content-Type:
      - application/json
      Content-Length:
      - '422'
      Connection:
      - keep-alive
      Access-Control-Allow-Credentials:
      - 'true'
      Access-Control-Allow-Methods:
      - GET, POST, HEAD, OPTIONS, DELETE
      Access-Control-Allow-Origin:
      - "*"
      Access-Control-Expose-Headers:
      - Request-Id, Stripe-Manage-Version, X-Stripe-External-Auth-Required, X-Stripe-Privileged-Session-Required
      Access-Control-Max-Age:
      - '300'
      Cache-Control:
      - no-cache, no-store
      Request-Id:
      - req_wrx7kamjyzDPl4
      Stripe-Account:
      - acct_1ESxHQGrdnhANdIV
      Stripe-Version:
      - '2019-03-14'
      Strict-Transport-Security:
      - max-age=31556926; includeSubDomains; preload
    body:
      encoding: UTF-8
      string: |
        {
          "id": "prod_F0wTEjIDsiEpKZ",
          "object": "product",
          "active": true,
          "attributes": [

          ],
          "caption": null,
          "created": 1557102126,
          "description": null,
          "images": [

          ],
          "livemode": false,
          "metadata": {
          },
          "name": "Ampled Support",
          "package_dimensions": null,
          "shippable": null,
          "statement_descriptor": null,
          "type": "service",
          "unit_label": null,
          "updated": 1557102126,
          "url": null
        }
    http_version: 
  recorded_at: Mon, 06 May 2019 00:22:07 GMT
- request:
    method: get
    uri: https://api.stripe.com/v1/customers/cus_F0wTLIPJerfpBa
    body:
      encoding: US-ASCII
      string: ''
    headers:
      User-Agent:
      - Stripe/v1 RubyBindings/4.12.0
      Authorization:
      - Bearer sk_test_WpL6hAXT7brfG79UaViblroq00X4X2uvkS
      Content-Type:
      - application/x-www-form-urlencoded
      X-Stripe-Client-User-Agent:
      - '{"bindings_version":"4.12.0","lang":"ruby","lang_version":"2.5.3 p105 (2018-10-18)","platform":"x86_64-darwin18","engine":"ruby","publisher":"stripe","uname":"Darwin
        sernpidal 18.2.0 Darwin Kernel Version 18.2.0: Thu Dec 20 20:46:53 PST 2018;
        root:xnu-4903.241.1~1/RELEASE_X86_64 x86_64","hostname":"sernpidal"}'
      Stripe-Account:
      - acct_1ESxHQGrdnhANdIV
      Accept-Encoding:
      - gzip;q=1.0,deflate;q=0.6,identity;q=0.3
      Accept:
      - "*/*"
      Connection:
      - keep-alive
      Keep-Alive:
      - '30'
  response:
    status:
      code: 200
      message: OK
    headers:
      Server:
      - nginx
      Date:
      - Mon, 06 May 2019 00:22:12 GMT
      Content-Type:
      - application/json
      Content-Length:
      - '4944'
      Connection:
      - keep-alive
      Access-Control-Allow-Credentials:
      - 'true'
      Access-Control-Allow-Methods:
      - GET, POST, HEAD, OPTIONS, DELETE
      Access-Control-Allow-Origin:
      - "*"
      Access-Control-Expose-Headers:
      - Request-Id, Stripe-Manage-Version, X-Stripe-External-Auth-Required, X-Stripe-Privileged-Session-Required
      Access-Control-Max-Age:
      - '300'
      Cache-Control:
      - no-cache, no-store
      Request-Id:
      - req_3gd5mOgSpj08m2
      Stripe-Account:
      - acct_1ESxHQGrdnhANdIV
      Stripe-Version:
      - '2019-03-14'
      Strict-Transport-Security:
      - max-age=31556926; includeSubDomains; preload
    body:
      encoding: UTF-8
      string: |
        {
          "id": "cus_F0wTLIPJerfpBa",
          "object": "customer",
          "account_balance": 0,
          "address": null,
          "created": 1557102128,
          "currency": "usd",
          "default_source": "card_1EWuaqGrdnhANdIV7ObPbRXD",
          "delinquent": false,
          "description": "caroyln@ratke.name for ",
          "discount": null,
          "email": null,
          "invoice_prefix": "1687D58E",
          "invoice_settings": {
            "custom_fields": null,
            "default_payment_method": null,
            "footer": null
          },
          "livemode": false,
          "metadata": {
          },
          "name": null,
          "phone": null,
          "preferred_locales": [

          ],
          "shipping": null,
          "sources": {
            "object": "list",
            "data": [
              {
                "id": "card_1EWuaqGrdnhANdIV7ObPbRXD",
                "object": "card",
                "address_city": null,
                "address_country": null,
                "address_line1": null,
                "address_line1_check": null,
                "address_line2": null,
                "address_state": null,
                "address_zip": "92928",
                "address_zip_check": "pass",
                "brand": "Visa",
                "country": "US",
                "customer": "cus_F0wTLIPJerfpBa",
                "cvc_check": "pass",
                "dynamic_last4": null,
                "exp_month": 3,
                "exp_year": 2020,
                "fingerprint": "c7AvuxS6jv5p8NBJ",
                "funding": "credit",
                "last4": "4242",
                "metadata": {
                },
                "name": null,
                "tokenization_method": null
              }
            ],
            "has_more": false,
            "total_count": 1,
            "url": "/v1/customers/cus_F0wTLIPJerfpBa/sources"
          },
          "subscriptions": {
            "object": "list",
            "data": [
              {
                "id": "sub_F0wToDPiu5j8nV",
                "object": "subscription",
                "application_fee_percent": 15.0,
                "billing": "charge_automatically",
                "billing_cycle_anchor": 1557102129,
                "billing_thresholds": null,
                "cancel_at": null,
                "cancel_at_period_end": false,
                "canceled_at": null,
                "created": 1557102129,
                "current_period_end": 1559780529,
                "current_period_start": 1557102129,
                "customer": "cus_F0wTLIPJerfpBa",
                "days_until_due": null,
                "default_payment_method": null,
                "default_source": null,
                "default_tax_rates": [

                ],
                "discount": null,
                "ended_at": null,
                "items": {
                  "object": "list",
                  "data": [
                    {
                      "id": "si_F0wTqNa4L6DUcu",
                      "object": "subscription_item",
                      "billing_thresholds": null,
                      "created": 1557102130,
                      "metadata": {
                      },
                      "plan": {
                        "id": "plan_F0wT2qTiEkGjFf",
                        "object": "plan",
                        "active": true,
                        "aggregate_usage": null,
                        "amount": 10000,
                        "billing_scheme": "per_unit",
                        "created": 1557102127,
                        "currency": "usd",
                        "interval": "month",
                        "interval_count": 1,
                        "livemode": false,
                        "metadata": {
                        },
                        "nickname": "Ampled Support $5",
                        "product": "prod_F0wTEjIDsiEpKZ",
                        "tiers": null,
                        "tiers_mode": null,
                        "transform_usage": null,
                        "trial_period_days": null,
                        "usage_type": "licensed"
                      },
                      "quantity": 1,
                      "subscription": "sub_F0wToDPiu5j8nV",
                      "tax_rates": [

                      ]
                    }
                  ],
                  "has_more": false,
                  "total_count": 1,
                  "url": "/v1/subscription_items?subscription=sub_F0wToDPiu5j8nV"
                },
                "latest_invoice": "in_1EWuarGrdnhANdIVIYvs6Nwf",
                "livemode": false,
                "metadata": {
                },
                "plan": {
                  "id": "plan_F0wT2qTiEkGjFf",
                  "object": "plan",
                  "active": true,
                  "aggregate_usage": null,
                  "amount": 10000,
                  "billing_scheme": "per_unit",
                  "created": 1557102127,
                  "currency": "usd",
                  "interval": "month",
                  "interval_count": 1,
                  "livemode": false,
                  "metadata": {
                  },
                  "nickname": "Ampled Support $5",
                  "product": "prod_F0wTEjIDsiEpKZ",
                  "tiers": null,
                  "tiers_mode": null,
                  "transform_usage": null,
                  "trial_period_days": null,
                  "usage_type": "licensed"
                },
                "quantity": 1,
                "schedule": null,
                "start": 1557102129,
                "status": "active",
                "tax_percent": null,
                "trial_end": null,
                "trial_start": null
              }
            ],
            "has_more": false,
            "total_count": 1,
            "url": "/v1/customers/cus_F0wTLIPJerfpBa/subscriptions"
          },
          "tax_exempt": "none",
          "tax_ids": {
            "object": "list",
            "data": [

            ],
            "has_more": false,
            "total_count": 0,
            "url": "/v1/customers/cus_F0wTLIPJerfpBa/tax_ids"
          },
          "tax_info": null,
          "tax_info_verification": null
        }
    http_version: 
  recorded_at: Mon, 06 May 2019 00:22:12 GMT
- request:
    method: get
    uri: https://api.stripe.com/v1/products/prod_F0wYc3Pa1Ta9uZ
    body:
      encoding: US-ASCII
      string: ''
    headers:
      User-Agent:
      - Stripe/v1 RubyBindings/4.12.0
      Authorization:
      - Bearer sk_test_WpL6hAXT7brfG79UaViblroq00X4X2uvkS
      Content-Type:
      - application/x-www-form-urlencoded
      X-Stripe-Client-User-Agent:
      - '{"bindings_version":"4.12.0","lang":"ruby","lang_version":"2.5.3 p105 (2018-10-18)","platform":"x86_64-darwin18","engine":"ruby","publisher":"stripe","uname":"Darwin
        sernpidal 18.2.0 Darwin Kernel Version 18.2.0: Thu Dec 20 20:46:53 PST 2018;
        root:xnu-4903.241.1~1/RELEASE_X86_64 x86_64","hostname":"sernpidal"}'
      Stripe-Account:
      - acct_1ESxHQGrdnhANdIV
      Accept-Encoding:
      - gzip;q=1.0,deflate;q=0.6,identity;q=0.3
      Accept:
      - "*/*"
      Connection:
      - keep-alive
      Keep-Alive:
      - '30'
  response:
    status:
      code: 200
      message: OK
    headers:
      Server:
      - nginx
      Date:
      - Mon, 06 May 2019 00:27:05 GMT
      Content-Type:
      - application/json
      Content-Length:
      - '422'
      Connection:
      - keep-alive
      Access-Control-Allow-Credentials:
      - 'true'
      Access-Control-Allow-Methods:
      - GET, POST, HEAD, OPTIONS, DELETE
      Access-Control-Allow-Origin:
      - "*"
      Access-Control-Expose-Headers:
      - Request-Id, Stripe-Manage-Version, X-Stripe-External-Auth-Required, X-Stripe-Privileged-Session-Required
      Access-Control-Max-Age:
      - '300'
      Cache-Control:
      - no-cache, no-store
      Request-Id:
      - req_Sq6eiKz8c1D7RB
      Stripe-Account:
      - acct_1ESxHQGrdnhANdIV
      Stripe-Version:
      - '2019-03-14'
      Strict-Transport-Security:
      - max-age=31556926; includeSubDomains; preload
    body:
      encoding: UTF-8
      string: |
        {
          "id": "prod_F0wYc3Pa1Ta9uZ",
          "object": "product",
          "active": true,
          "attributes": [

          ],
          "caption": null,
          "created": 1557102424,
          "description": null,
          "images": [

          ],
          "livemode": false,
          "metadata": {
          },
          "name": "Ampled Support",
          "package_dimensions": null,
          "shippable": null,
          "statement_descriptor": null,
          "type": "service",
          "unit_label": null,
          "updated": 1557102424,
          "url": null
        }
    http_version: 
  recorded_at: Mon, 06 May 2019 00:27:05 GMT
- request:
    method: get
    uri: https://api.stripe.com/v1/customers/cus_F0wYSwrrvLeQ0Y
    body:
      encoding: US-ASCII
      string: ''
    headers:
      User-Agent:
      - Stripe/v1 RubyBindings/4.12.0
      Authorization:
      - Bearer sk_test_WpL6hAXT7brfG79UaViblroq00X4X2uvkS
      Content-Type:
      - application/x-www-form-urlencoded
      X-Stripe-Client-User-Agent:
      - '{"bindings_version":"4.12.0","lang":"ruby","lang_version":"2.5.3 p105 (2018-10-18)","platform":"x86_64-darwin18","engine":"ruby","publisher":"stripe","uname":"Darwin
        sernpidal 18.2.0 Darwin Kernel Version 18.2.0: Thu Dec 20 20:46:53 PST 2018;
        root:xnu-4903.241.1~1/RELEASE_X86_64 x86_64","hostname":"sernpidal"}'
      Stripe-Account:
      - acct_1ESxHQGrdnhANdIV
      Accept-Encoding:
      - gzip;q=1.0,deflate;q=0.6,identity;q=0.3
      Accept:
      - "*/*"
      Connection:
      - keep-alive
      Keep-Alive:
      - '30'
  response:
    status:
      code: 200
      message: OK
    headers:
      Server:
      - nginx
      Date:
      - Mon, 06 May 2019 00:27:09 GMT
      Content-Type:
      - application/json
      Content-Length:
      - '4953'
      Connection:
      - keep-alive
      Access-Control-Allow-Credentials:
      - 'true'
      Access-Control-Allow-Methods:
      - GET, POST, HEAD, OPTIONS, DELETE
      Access-Control-Allow-Origin:
      - "*"
      Access-Control-Expose-Headers:
      - Request-Id, Stripe-Manage-Version, X-Stripe-External-Auth-Required, X-Stripe-Privileged-Session-Required
      Access-Control-Max-Age:
      - '300'
      Cache-Control:
      - no-cache, no-store
      Request-Id:
      - req_vAcZVckYIi3g6Q
      Stripe-Account:
      - acct_1ESxHQGrdnhANdIV
      Stripe-Version:
      - '2019-03-14'
      Strict-Transport-Security:
      - max-age=31556926; includeSubDomains; preload
    body:
      encoding: UTF-8
      string: |
        {
          "id": "cus_F0wYSwrrvLeQ0Y",
          "object": "customer",
          "account_balance": 0,
          "address": null,
          "created": 1557102426,
          "currency": "usd",
          "default_source": "card_1EWufdGrdnhANdIVgh3WvuhD",
          "delinquent": false,
          "description": "galenheathcote@prosacco.net for ",
          "discount": null,
          "email": null,
          "invoice_prefix": "321F421F",
          "invoice_settings": {
            "custom_fields": null,
            "default_payment_method": null,
            "footer": null
          },
          "livemode": false,
          "metadata": {
          },
          "name": null,
          "phone": null,
          "preferred_locales": [

          ],
          "shipping": null,
          "sources": {
            "object": "list",
            "data": [
              {
                "id": "card_1EWufdGrdnhANdIVgh3WvuhD",
                "object": "card",
                "address_city": null,
                "address_country": null,
                "address_line1": null,
                "address_line1_check": null,
                "address_line2": null,
                "address_state": null,
                "address_zip": "92928",
                "address_zip_check": "pass",
                "brand": "Visa",
                "country": "US",
                "customer": "cus_F0wYSwrrvLeQ0Y",
                "cvc_check": "pass",
                "dynamic_last4": null,
                "exp_month": 3,
                "exp_year": 2020,
                "fingerprint": "c7AvuxS6jv5p8NBJ",
                "funding": "credit",
                "last4": "4242",
                "metadata": {
                },
                "name": null,
                "tokenization_method": null
              }
            ],
            "has_more": false,
            "total_count": 1,
            "url": "/v1/customers/cus_F0wYSwrrvLeQ0Y/sources"
          },
          "subscriptions": {
            "object": "list",
            "data": [
              {
                "id": "sub_F0wYr8eaiyYcaT",
                "object": "subscription",
                "application_fee_percent": 15.0,
                "billing": "charge_automatically",
                "billing_cycle_anchor": 1557102427,
                "billing_thresholds": null,
                "cancel_at": null,
                "cancel_at_period_end": false,
                "canceled_at": null,
                "created": 1557102427,
                "current_period_end": 1559780827,
                "current_period_start": 1557102427,
                "customer": "cus_F0wYSwrrvLeQ0Y",
                "days_until_due": null,
                "default_payment_method": null,
                "default_source": null,
                "default_tax_rates": [

                ],
                "discount": null,
                "ended_at": null,
                "items": {
                  "object": "list",
                  "data": [
                    {
                      "id": "si_F0wYc1uXfbX1RF",
                      "object": "subscription_item",
                      "billing_thresholds": null,
                      "created": 1557102427,
                      "metadata": {
                      },
                      "plan": {
                        "id": "plan_F0wYCNFpCoueYv",
                        "object": "plan",
                        "active": true,
                        "aggregate_usage": null,
                        "amount": 10000,
                        "billing_scheme": "per_unit",
                        "created": 1557102425,
                        "currency": "usd",
                        "interval": "month",
                        "interval_count": 1,
                        "livemode": false,
                        "metadata": {
                        },
                        "nickname": "Ampled Support $5",
                        "product": "prod_F0wYc3Pa1Ta9uZ",
                        "tiers": null,
                        "tiers_mode": null,
                        "transform_usage": null,
                        "trial_period_days": null,
                        "usage_type": "licensed"
                      },
                      "quantity": 1,
                      "subscription": "sub_F0wYr8eaiyYcaT",
                      "tax_rates": [

                      ]
                    }
                  ],
                  "has_more": false,
                  "total_count": 1,
                  "url": "/v1/subscription_items?subscription=sub_F0wYr8eaiyYcaT"
                },
                "latest_invoice": "in_1EWuffGrdnhANdIVUqks9sdc",
                "livemode": false,
                "metadata": {
                },
                "plan": {
                  "id": "plan_F0wYCNFpCoueYv",
                  "object": "plan",
                  "active": true,
                  "aggregate_usage": null,
                  "amount": 10000,
                  "billing_scheme": "per_unit",
                  "created": 1557102425,
                  "currency": "usd",
                  "interval": "month",
                  "interval_count": 1,
                  "livemode": false,
                  "metadata": {
                  },
                  "nickname": "Ampled Support $5",
                  "product": "prod_F0wYc3Pa1Ta9uZ",
                  "tiers": null,
                  "tiers_mode": null,
                  "transform_usage": null,
                  "trial_period_days": null,
                  "usage_type": "licensed"
                },
                "quantity": 1,
                "schedule": null,
                "start": 1557102427,
                "status": "active",
                "tax_percent": null,
                "trial_end": null,
                "trial_start": null
              }
            ],
            "has_more": false,
            "total_count": 1,
            "url": "/v1/customers/cus_F0wYSwrrvLeQ0Y/subscriptions"
          },
          "tax_exempt": "none",
          "tax_ids": {
            "object": "list",
            "data": [

            ],
            "has_more": false,
            "total_count": 0,
            "url": "/v1/customers/cus_F0wYSwrrvLeQ0Y/tax_ids"
          },
          "tax_info": null,
          "tax_info_verification": null
        }
    http_version: 
  recorded_at: Mon, 06 May 2019 00:27:09 GMT
- request:
    method: get
    uri: https://api.stripe.com/v1/products/prod_F0waDVylOPYt3o
    body:
      encoding: US-ASCII
      string: ''
    headers:
      User-Agent:
      - Stripe/v1 RubyBindings/4.12.0
      Authorization:
      - Bearer sk_test_WpL6hAXT7brfG79UaViblroq00X4X2uvkS
      Content-Type:
      - application/x-www-form-urlencoded
      X-Stripe-Client-User-Agent:
      - '{"bindings_version":"4.12.0","lang":"ruby","lang_version":"2.5.3 p105 (2018-10-18)","platform":"x86_64-darwin18","engine":"ruby","publisher":"stripe","uname":"Darwin
        sernpidal 18.2.0 Darwin Kernel Version 18.2.0: Thu Dec 20 20:46:53 PST 2018;
        root:xnu-4903.241.1~1/RELEASE_X86_64 x86_64","hostname":"sernpidal"}'
      Stripe-Account:
      - acct_1ESxHQGrdnhANdIV
      Accept-Encoding:
      - gzip;q=1.0,deflate;q=0.6,identity;q=0.3
      Accept:
      - "*/*"
      Connection:
      - keep-alive
      Keep-Alive:
      - '30'
  response:
    status:
      code: 200
      message: OK
    headers:
      Server:
      - nginx
      Date:
      - Mon, 06 May 2019 00:29:08 GMT
      Content-Type:
      - application/json
      Content-Length:
      - '422'
      Connection:
      - keep-alive
      Access-Control-Allow-Credentials:
      - 'true'
      Access-Control-Allow-Methods:
      - GET, POST, HEAD, OPTIONS, DELETE
      Access-Control-Allow-Origin:
      - "*"
      Access-Control-Expose-Headers:
      - Request-Id, Stripe-Manage-Version, X-Stripe-External-Auth-Required, X-Stripe-Privileged-Session-Required
      Access-Control-Max-Age:
      - '300'
      Cache-Control:
      - no-cache, no-store
      Request-Id:
      - req_Vt7EtpRh3LlQAV
      Stripe-Account:
      - acct_1ESxHQGrdnhANdIV
      Stripe-Version:
      - '2019-03-14'
      Strict-Transport-Security:
      - max-age=31556926; includeSubDomains; preload
    body:
      encoding: UTF-8
      string: |
        {
          "id": "prod_F0waDVylOPYt3o",
          "object": "product",
          "active": true,
          "attributes": [

          ],
          "caption": null,
          "created": 1557102547,
          "description": null,
          "images": [

          ],
          "livemode": false,
          "metadata": {
          },
          "name": "Ampled Support",
          "package_dimensions": null,
          "shippable": null,
          "statement_descriptor": null,
          "type": "service",
          "unit_label": null,
          "updated": 1557102547,
          "url": null
        }
    http_version: 
  recorded_at: Mon, 06 May 2019 00:29:08 GMT
- request:
    method: get
    uri: https://api.stripe.com/v1/customers/cus_F0waurykLrnAGX
    body:
      encoding: US-ASCII
      string: ''
    headers:
      User-Agent:
      - Stripe/v1 RubyBindings/4.12.0
      Authorization:
      - Bearer sk_test_WpL6hAXT7brfG79UaViblroq00X4X2uvkS
      Content-Type:
      - application/x-www-form-urlencoded
      X-Stripe-Client-User-Agent:
      - '{"bindings_version":"4.12.0","lang":"ruby","lang_version":"2.5.3 p105 (2018-10-18)","platform":"x86_64-darwin18","engine":"ruby","publisher":"stripe","uname":"Darwin
        sernpidal 18.2.0 Darwin Kernel Version 18.2.0: Thu Dec 20 20:46:53 PST 2018;
        root:xnu-4903.241.1~1/RELEASE_X86_64 x86_64","hostname":"sernpidal"}'
      Stripe-Account:
      - acct_1ESxHQGrdnhANdIV
      Accept-Encoding:
      - gzip;q=1.0,deflate;q=0.6,identity;q=0.3
      Accept:
      - "*/*"
      Connection:
      - keep-alive
      Keep-Alive:
      - '30'
  response:
    status:
      code: 200
      message: OK
    headers:
      Server:
      - nginx
      Date:
      - Mon, 06 May 2019 00:29:13 GMT
      Content-Type:
      - application/json
      Content-Length:
      - '4955'
      Connection:
      - keep-alive
      Access-Control-Allow-Credentials:
      - 'true'
      Access-Control-Allow-Methods:
      - GET, POST, HEAD, OPTIONS, DELETE
      Access-Control-Allow-Origin:
      - "*"
      Access-Control-Expose-Headers:
      - Request-Id, Stripe-Manage-Version, X-Stripe-External-Auth-Required, X-Stripe-Privileged-Session-Required
      Access-Control-Max-Age:
      - '300'
      Cache-Control:
      - no-cache, no-store
      Request-Id:
      - req_V5N5uQ8kFGEo0I
      Stripe-Account:
      - acct_1ESxHQGrdnhANdIV
      Stripe-Version:
      - '2019-03-14'
      Strict-Transport-Security:
      - max-age=31556926; includeSubDomains; preload
    body:
      encoding: UTF-8
      string: |
        {
          "id": "cus_F0waurykLrnAGX",
          "object": "customer",
          "account_balance": 0,
          "address": null,
          "created": 1557102549,
          "currency": "usd",
          "default_source": "card_1EWuhcGrdnhANdIV3WhcyAzV",
          "delinquent": false,
          "description": "wilsonconsidine@kertzmann.org for ",
          "discount": null,
          "email": null,
          "invoice_prefix": "B98A47F3",
          "invoice_settings": {
            "custom_fields": null,
            "default_payment_method": null,
            "footer": null
          },
          "livemode": false,
          "metadata": {
          },
          "name": null,
          "phone": null,
          "preferred_locales": [

          ],
          "shipping": null,
          "sources": {
            "object": "list",
            "data": [
              {
                "id": "card_1EWuhcGrdnhANdIV3WhcyAzV",
                "object": "card",
                "address_city": null,
                "address_country": null,
                "address_line1": null,
                "address_line1_check": null,
                "address_line2": null,
                "address_state": null,
                "address_zip": "92928",
                "address_zip_check": "pass",
                "brand": "Visa",
                "country": "US",
                "customer": "cus_F0waurykLrnAGX",
                "cvc_check": "pass",
                "dynamic_last4": null,
                "exp_month": 3,
                "exp_year": 2020,
                "fingerprint": "c7AvuxS6jv5p8NBJ",
                "funding": "credit",
                "last4": "4242",
                "metadata": {
                },
                "name": null,
                "tokenization_method": null
              }
            ],
            "has_more": false,
            "total_count": 1,
            "url": "/v1/customers/cus_F0waurykLrnAGX/sources"
          },
          "subscriptions": {
            "object": "list",
            "data": [
              {
                "id": "sub_F0waiVFuQDPT9P",
                "object": "subscription",
                "application_fee_percent": 15.0,
                "billing": "charge_automatically",
                "billing_cycle_anchor": 1557102550,
                "billing_thresholds": null,
                "cancel_at": null,
                "cancel_at_period_end": false,
                "canceled_at": null,
                "created": 1557102550,
                "current_period_end": 1559780950,
                "current_period_start": 1557102550,
                "customer": "cus_F0waurykLrnAGX",
                "days_until_due": null,
                "default_payment_method": null,
                "default_source": null,
                "default_tax_rates": [

                ],
                "discount": null,
                "ended_at": null,
                "items": {
                  "object": "list",
                  "data": [
                    {
                      "id": "si_F0wafwpP238sch",
                      "object": "subscription_item",
                      "billing_thresholds": null,
                      "created": 1557102551,
                      "metadata": {
                      },
                      "plan": {
                        "id": "plan_F0wacidRv0ApV9",
                        "object": "plan",
                        "active": true,
                        "aggregate_usage": null,
                        "amount": 10000,
                        "billing_scheme": "per_unit",
                        "created": 1557102548,
                        "currency": "usd",
                        "interval": "month",
                        "interval_count": 1,
                        "livemode": false,
                        "metadata": {
                        },
                        "nickname": "Ampled Support $5",
                        "product": "prod_F0waDVylOPYt3o",
                        "tiers": null,
                        "tiers_mode": null,
                        "transform_usage": null,
                        "trial_period_days": null,
                        "usage_type": "licensed"
                      },
                      "quantity": 1,
                      "subscription": "sub_F0waiVFuQDPT9P",
                      "tax_rates": [

                      ]
                    }
                  ],
                  "has_more": false,
                  "total_count": 1,
                  "url": "/v1/subscription_items?subscription=sub_F0waiVFuQDPT9P"
                },
                "latest_invoice": "in_1EWuheGrdnhANdIVmza3TVny",
                "livemode": false,
                "metadata": {
                },
                "plan": {
                  "id": "plan_F0wacidRv0ApV9",
                  "object": "plan",
                  "active": true,
                  "aggregate_usage": null,
                  "amount": 10000,
                  "billing_scheme": "per_unit",
                  "created": 1557102548,
                  "currency": "usd",
                  "interval": "month",
                  "interval_count": 1,
                  "livemode": false,
                  "metadata": {
                  },
                  "nickname": "Ampled Support $5",
                  "product": "prod_F0waDVylOPYt3o",
                  "tiers": null,
                  "tiers_mode": null,
                  "transform_usage": null,
                  "trial_period_days": null,
                  "usage_type": "licensed"
                },
                "quantity": 1,
                "schedule": null,
                "start": 1557102550,
                "status": "active",
                "tax_percent": null,
                "trial_end": null,
                "trial_start": null
              }
            ],
            "has_more": false,
            "total_count": 1,
            "url": "/v1/customers/cus_F0waurykLrnAGX/subscriptions"
          },
          "tax_exempt": "none",
          "tax_ids": {
            "object": "list",
            "data": [

            ],
            "has_more": false,
            "total_count": 0,
            "url": "/v1/customers/cus_F0waurykLrnAGX/tax_ids"
          },
          "tax_info": null,
          "tax_info_verification": null
        }
    http_version: 
  recorded_at: Mon, 06 May 2019 00:29:13 GMT
- request:
    method: get
    uri: https://api.stripe.com/v1/products/prod_FZ3F52vglr3pSk
    body:
      encoding: US-ASCII
      string: ''
    headers:
      User-Agent:
      - Stripe/v1 RubyBindings/4.12.0
      Authorization:
      - Bearer sk_test_WpL6hAXT7brfG79UaViblroq00X4X2uvkS
      Content-Type:
      - application/x-www-form-urlencoded
      X-Stripe-Client-User-Agent:
      - '{"bindings_version":"4.12.0","lang":"ruby","lang_version":"2.5.3 p105 (2018-10-18)","platform":"x86_64-darwin18","engine":"ruby","publisher":"stripe","uname":"Darwin
        sernpidal 18.2.0 Darwin Kernel Version 18.2.0: Thu Dec 20 20:46:53 PST 2018;
        root:xnu-4903.241.1~1/RELEASE_X86_64 x86_64","hostname":"sernpidal"}'
      Stripe-Account:
      - acct_1ESxHQGrdnhANdIV
      Accept-Encoding:
      - gzip;q=1.0,deflate;q=0.6,identity;q=0.3
      Accept:
      - "*/*"
      Connection:
      - keep-alive
      Keep-Alive:
      - '30'
  response:
    status:
      code: 200
      message: OK
    headers:
      Server:
      - nginx
      Date:
      - Mon, 05 Aug 2019 01:37:50 GMT
      Content-Type:
      - application/json
      Content-Length:
      - '422'
      Connection:
      - keep-alive
      Access-Control-Allow-Credentials:
      - 'true'
      Access-Control-Allow-Methods:
      - GET, POST, HEAD, OPTIONS, DELETE
      Access-Control-Allow-Origin:
      - "*"
      Access-Control-Expose-Headers:
      - Request-Id, Stripe-Manage-Version, X-Stripe-External-Auth-Required, X-Stripe-Privileged-Session-Required
      Access-Control-Max-Age:
      - '300'
      Cache-Control:
      - no-cache, no-store
      Request-Id:
      - req_PCU18GFZfRo1np
      Stripe-Account:
      - acct_1ESxHQGrdnhANdIV
      Stripe-Version:
      - '2019-03-14'
      Strict-Transport-Security:
      - max-age=31556926; includeSubDomains; preload
    body:
      encoding: UTF-8
      string: |
        {
          "id": "prod_FZ3F52vglr3pSk",
          "object": "product",
          "active": true,
          "attributes": [

          ],
          "caption": null,
          "created": 1564969070,
          "description": null,
          "images": [

          ],
          "livemode": false,
          "metadata": {
          },
          "name": "Ampled Support",
          "package_dimensions": null,
          "shippable": null,
          "statement_descriptor": null,
          "type": "service",
          "unit_label": null,
          "updated": 1564969070,
          "url": null
        }
    http_version: 
  recorded_at: Mon, 05 Aug 2019 01:37:50 GMT
- request:
    method: get
    uri: https://api.stripe.com/v1/customers/cus_FZ3FZLOssiHERN
    body:
      encoding: US-ASCII
      string: ''
    headers:
      User-Agent:
      - Stripe/v1 RubyBindings/4.12.0
      Authorization:
      - Bearer sk_test_WpL6hAXT7brfG79UaViblroq00X4X2uvkS
      Content-Type:
      - application/x-www-form-urlencoded
      X-Stripe-Client-User-Agent:
      - '{"bindings_version":"4.12.0","lang":"ruby","lang_version":"2.5.3 p105 (2018-10-18)","platform":"x86_64-darwin18","engine":"ruby","publisher":"stripe","uname":"Darwin
        sernpidal 18.2.0 Darwin Kernel Version 18.2.0: Thu Dec 20 20:46:53 PST 2018;
        root:xnu-4903.241.1~1/RELEASE_X86_64 x86_64","hostname":"sernpidal"}'
      Stripe-Account:
      - acct_1ESxHQGrdnhANdIV
      Accept-Encoding:
      - gzip;q=1.0,deflate;q=0.6,identity;q=0.3
      Accept:
      - "*/*"
      Connection:
      - keep-alive
      Keep-Alive:
      - '30'
  response:
    status:
      code: 200
      message: OK
    headers:
      Server:
      - nginx
      Date:
      - Mon, 05 Aug 2019 01:37:53 GMT
      Content-Type:
      - application/json
      Content-Length:
      - '5088'
      Connection:
      - keep-alive
      Access-Control-Allow-Credentials:
      - 'true'
      Access-Control-Allow-Methods:
      - GET, POST, HEAD, OPTIONS, DELETE
      Access-Control-Allow-Origin:
      - "*"
      Access-Control-Expose-Headers:
      - Request-Id, Stripe-Manage-Version, X-Stripe-External-Auth-Required, X-Stripe-Privileged-Session-Required
      Access-Control-Max-Age:
      - '300'
      Cache-Control:
      - no-cache, no-store
      Request-Id:
      - req_YqXZfwUNr7DQGO
      Stripe-Account:
      - acct_1ESxHQGrdnhANdIV
      Stripe-Version:
      - '2019-03-14'
      Strict-Transport-Security:
      - max-age=31556926; includeSubDomains; preload
    body:
      encoding: UTF-8
      string: |
        {
          "id": "cus_FZ3FZLOssiHERN",
          "object": "customer",
          "account_balance": 31,
          "address": null,
          "balance": 31,
          "created": 1564969071,
          "currency": "usd",
          "default_source": "card_1F3v91GrdnhANdIVQ7ibche0",
          "delinquent": false,
          "description": "markheidenreich@hickle.co for ",
          "discount": null,
          "email": null,
          "invoice_prefix": "2FD1B8A3",
          "invoice_settings": {
            "custom_fields": null,
            "default_payment_method": null,
            "footer": null
          },
          "livemode": false,
          "metadata": {
          },
          "name": null,
          "phone": null,
          "preferred_locales": [

          ],
          "shipping": null,
          "sources": {
            "object": "list",
            "data": [
              {
                "id": "card_1F3v91GrdnhANdIVQ7ibche0",
                "object": "card",
                "address_city": null,
                "address_country": null,
                "address_line1": null,
                "address_line1_check": null,
                "address_line2": null,
                "address_state": null,
                "address_zip": "92928",
                "address_zip_check": "pass",
                "brand": "Visa",
                "country": "US",
                "customer": "cus_FZ3FZLOssiHERN",
                "cvc_check": "pass",
                "dynamic_last4": null,
                "exp_month": 3,
                "exp_year": 2020,
                "fingerprint": "c7AvuxS6jv5p8NBJ",
                "funding": "credit",
                "last4": "4242",
                "metadata": {
                },
                "name": null,
                "tokenization_method": null
              }
            ],
            "has_more": false,
            "total_count": 1,
            "url": "/v1/customers/cus_FZ3FZLOssiHERN/sources"
          },
          "subscriptions": {
            "object": "list",
            "data": [
              {
                "id": "sub_FZ3FWU7ROpiTxI",
                "object": "subscription",
                "application_fee_percent": 15.0,
                "billing": "charge_automatically",
                "billing_cycle_anchor": 1564969072,
                "billing_thresholds": null,
                "cancel_at": null,
                "cancel_at_period_end": false,
                "canceled_at": null,
                "collection_method": "charge_automatically",
                "created": 1564969072,
                "current_period_end": 1567647472,
                "current_period_start": 1564969072,
                "customer": "cus_FZ3FZLOssiHERN",
                "days_until_due": null,
                "default_payment_method": null,
                "default_source": null,
                "default_tax_rates": [

                ],
                "discount": null,
                "ended_at": null,
                "items": {
                  "object": "list",
                  "data": [
                    {
                      "id": "si_FZ3FRcUmrx1EvC",
                      "object": "subscription_item",
                      "billing_thresholds": null,
                      "created": 1564969073,
                      "metadata": {
                      },
                      "plan": {
                        "id": "plan_FZ3FXeJ30kkHCP",
                        "object": "plan",
                        "active": true,
                        "aggregate_usage": null,
                        "amount": 31,
                        "billing_scheme": "per_unit",
                        "created": 1564969071,
                        "currency": "usd",
                        "interval": "month",
                        "interval_count": 1,
                        "livemode": false,
                        "metadata": {
                        },
                        "nickname": "Ampled Support $5",
                        "product": "prod_FZ3F52vglr3pSk",
                        "tiers": null,
                        "tiers_mode": null,
                        "transform_usage": null,
                        "trial_period_days": null,
                        "usage_type": "licensed"
                      },
                      "quantity": 1,
                      "subscription": "sub_FZ3FWU7ROpiTxI",
                      "tax_rates": [

                      ]
                    }
                  ],
                  "has_more": false,
                  "total_count": 1,
                  "url": "/v1/subscription_items?subscription=sub_FZ3FWU7ROpiTxI"
                },
                "latest_invoice": "in_1F3v92GrdnhANdIVbMeMsXOp",
                "livemode": false,
                "metadata": {
                },
                "pending_setup_intent": null,
                "plan": {
                  "id": "plan_FZ3FXeJ30kkHCP",
                  "object": "plan",
                  "active": true,
                  "aggregate_usage": null,
                  "amount": 31,
                  "billing_scheme": "per_unit",
                  "created": 1564969071,
                  "currency": "usd",
                  "interval": "month",
                  "interval_count": 1,
                  "livemode": false,
                  "metadata": {
                  },
                  "nickname": "Ampled Support $5",
                  "product": "prod_FZ3F52vglr3pSk",
                  "tiers": null,
                  "tiers_mode": null,
                  "transform_usage": null,
                  "trial_period_days": null,
                  "usage_type": "licensed"
                },
                "quantity": 1,
                "schedule": null,
                "start": 1564969072,
                "start_date": 1564969072,
                "status": "active",
                "tax_percent": null,
                "trial_end": null,
                "trial_start": null
              }
            ],
            "has_more": false,
            "total_count": 1,
            "url": "/v1/customers/cus_FZ3FZLOssiHERN/subscriptions"
          },
          "tax_exempt": "none",
          "tax_ids": {
            "object": "list",
            "data": [

            ],
            "has_more": false,
            "total_count": 0,
            "url": "/v1/customers/cus_FZ3FZLOssiHERN/tax_ids"
          },
          "tax_info": null,
          "tax_info_verification": null
        }
    http_version: 
  recorded_at: Mon, 05 Aug 2019 01:37:53 GMT
- request:
    method: get
    uri: https://api.stripe.com/v1/products/prod_FZ3RQAnX8Vo5j8
    body:
      encoding: US-ASCII
      string: ''
    headers:
      User-Agent:
      - Stripe/v1 RubyBindings/4.12.0
      Authorization:
      - Bearer sk_test_WpL6hAXT7brfG79UaViblroq00X4X2uvkS
      Content-Type:
      - application/x-www-form-urlencoded
      X-Stripe-Client-User-Agent:
      - '{"bindings_version":"4.12.0","lang":"ruby","lang_version":"2.5.3 p105 (2018-10-18)","platform":"x86_64-darwin18","engine":"ruby","publisher":"stripe","uname":"Darwin
        sernpidal 18.2.0 Darwin Kernel Version 18.2.0: Thu Dec 20 20:46:53 PST 2018;
        root:xnu-4903.241.1~1/RELEASE_X86_64 x86_64","hostname":"sernpidal"}'
      Stripe-Account:
      - acct_1ESxHQGrdnhANdIV
      Accept-Encoding:
      - gzip;q=1.0,deflate;q=0.6,identity;q=0.3
      Accept:
      - "*/*"
      Connection:
      - keep-alive
      Keep-Alive:
      - '30'
  response:
    status:
      code: 200
      message: OK
    headers:
      Server:
      - nginx
      Date:
      - Mon, 05 Aug 2019 01:49:46 GMT
      Content-Type:
      - application/json
      Content-Length:
      - '422'
      Connection:
      - keep-alive
      Access-Control-Allow-Credentials:
      - 'true'
      Access-Control-Allow-Methods:
      - GET, POST, HEAD, OPTIONS, DELETE
      Access-Control-Allow-Origin:
      - "*"
      Access-Control-Expose-Headers:
      - Request-Id, Stripe-Manage-Version, X-Stripe-External-Auth-Required, X-Stripe-Privileged-Session-Required
      Access-Control-Max-Age:
      - '300'
      Cache-Control:
      - no-cache, no-store
      Request-Id:
      - req_ZG08j1VZKSxFWm
      Stripe-Account:
      - acct_1ESxHQGrdnhANdIV
      Stripe-Version:
      - '2019-03-14'
      Strict-Transport-Security:
      - max-age=31556926; includeSubDomains; preload
    body:
      encoding: UTF-8
      string: |
        {
          "id": "prod_FZ3RQAnX8Vo5j8",
          "object": "product",
          "active": true,
          "attributes": [

          ],
          "caption": null,
          "created": 1564969785,
          "description": null,
          "images": [

          ],
          "livemode": false,
          "metadata": {
          },
          "name": "Ampled Support",
          "package_dimensions": null,
          "shippable": null,
          "statement_descriptor": null,
          "type": "service",
          "unit_label": null,
          "updated": 1564969785,
          "url": null
        }
    http_version: 
  recorded_at: Mon, 05 Aug 2019 01:49:46 GMT
- request:
    method: get
    uri: https://api.stripe.com/v1/customers/cus_FZ3RfaHY4e3cfr
    body:
      encoding: US-ASCII
      string: ''
    headers:
      User-Agent:
      - Stripe/v1 RubyBindings/4.12.0
      Authorization:
      - Bearer sk_test_WpL6hAXT7brfG79UaViblroq00X4X2uvkS
      Content-Type:
      - application/x-www-form-urlencoded
      X-Stripe-Client-User-Agent:
      - '{"bindings_version":"4.12.0","lang":"ruby","lang_version":"2.5.3 p105 (2018-10-18)","platform":"x86_64-darwin18","engine":"ruby","publisher":"stripe","uname":"Darwin
        sernpidal 18.2.0 Darwin Kernel Version 18.2.0: Thu Dec 20 20:46:53 PST 2018;
        root:xnu-4903.241.1~1/RELEASE_X86_64 x86_64","hostname":"sernpidal"}'
      Stripe-Account:
      - acct_1ESxHQGrdnhANdIV
      Accept-Encoding:
      - gzip;q=1.0,deflate;q=0.6,identity;q=0.3
      Accept:
      - "*/*"
      Connection:
      - keep-alive
      Keep-Alive:
      - '30'
  response:
    status:
      code: 200
      message: OK
    headers:
      Server:
      - nginx
      Date:
      - Mon, 05 Aug 2019 01:49:49 GMT
      Content-Type:
      - application/json
      Content-Length:
      - '5087'
      Connection:
      - keep-alive
      Access-Control-Allow-Credentials:
      - 'true'
      Access-Control-Allow-Methods:
      - GET, POST, HEAD, OPTIONS, DELETE
      Access-Control-Allow-Origin:
      - "*"
      Access-Control-Expose-Headers:
      - Request-Id, Stripe-Manage-Version, X-Stripe-External-Auth-Required, X-Stripe-Privileged-Session-Required
      Access-Control-Max-Age:
      - '300'
      Cache-Control:
      - no-cache, no-store
      Request-Id:
      - req_4856tz9ZkPZa0a
      Stripe-Account:
      - acct_1ESxHQGrdnhANdIV
      Stripe-Version:
      - '2019-03-14'
      Strict-Transport-Security:
      - max-age=31556926; includeSubDomains; preload
    body:
      encoding: UTF-8
      string: |
        {
          "id": "cus_FZ3RfaHY4e3cfr",
          "object": "customer",
          "account_balance": 31,
          "address": null,
          "balance": 31,
          "created": 1564969787,
          "currency": "usd",
          "default_source": "card_1F3vKZGrdnhANdIV4oYmtwzw",
          "delinquent": false,
          "description": "creolaleuschke@bruen.com for ",
          "discount": null,
          "email": null,
          "invoice_prefix": "258C6395",
          "invoice_settings": {
            "custom_fields": null,
            "default_payment_method": null,
            "footer": null
          },
          "livemode": false,
          "metadata": {
          },
          "name": null,
          "phone": null,
          "preferred_locales": [

          ],
          "shipping": null,
          "sources": {
            "object": "list",
            "data": [
              {
                "id": "card_1F3vKZGrdnhANdIV4oYmtwzw",
                "object": "card",
                "address_city": null,
                "address_country": null,
                "address_line1": null,
                "address_line1_check": null,
                "address_line2": null,
                "address_state": null,
                "address_zip": "92928",
                "address_zip_check": "pass",
                "brand": "Visa",
                "country": "US",
                "customer": "cus_FZ3RfaHY4e3cfr",
                "cvc_check": "pass",
                "dynamic_last4": null,
                "exp_month": 3,
                "exp_year": 2020,
                "fingerprint": "c7AvuxS6jv5p8NBJ",
                "funding": "credit",
                "last4": "4242",
                "metadata": {
                },
                "name": null,
                "tokenization_method": null
              }
            ],
            "has_more": false,
            "total_count": 1,
            "url": "/v1/customers/cus_FZ3RfaHY4e3cfr/sources"
          },
          "subscriptions": {
            "object": "list",
            "data": [
              {
                "id": "sub_FZ3RhMxm9l491k",
                "object": "subscription",
                "application_fee_percent": 15.0,
                "billing": "charge_automatically",
                "billing_cycle_anchor": 1564969788,
                "billing_thresholds": null,
                "cancel_at": null,
                "cancel_at_period_end": false,
                "canceled_at": null,
                "collection_method": "charge_automatically",
                "created": 1564969788,
                "current_period_end": 1567648188,
                "current_period_start": 1564969788,
                "customer": "cus_FZ3RfaHY4e3cfr",
                "days_until_due": null,
                "default_payment_method": null,
                "default_source": null,
                "default_tax_rates": [

                ],
                "discount": null,
                "ended_at": null,
                "items": {
                  "object": "list",
                  "data": [
                    {
                      "id": "si_FZ3RIG3ATz174h",
                      "object": "subscription_item",
                      "billing_thresholds": null,
                      "created": 1564969789,
                      "metadata": {
                      },
                      "plan": {
                        "id": "plan_FZ3RVtpq9rTFMS",
                        "object": "plan",
                        "active": true,
                        "aggregate_usage": null,
                        "amount": 31,
                        "billing_scheme": "per_unit",
                        "created": 1564969786,
                        "currency": "usd",
                        "interval": "month",
                        "interval_count": 1,
                        "livemode": false,
                        "metadata": {
                        },
                        "nickname": "Ampled Support $5",
                        "product": "prod_FZ3RQAnX8Vo5j8",
                        "tiers": null,
                        "tiers_mode": null,
                        "transform_usage": null,
                        "trial_period_days": null,
                        "usage_type": "licensed"
                      },
                      "quantity": 1,
                      "subscription": "sub_FZ3RhMxm9l491k",
                      "tax_rates": [

                      ]
                    }
                  ],
                  "has_more": false,
                  "total_count": 1,
                  "url": "/v1/subscription_items?subscription=sub_FZ3RhMxm9l491k"
                },
                "latest_invoice": "in_1F3vKaGrdnhANdIVVD6OrsDK",
                "livemode": false,
                "metadata": {
                },
                "pending_setup_intent": null,
                "plan": {
                  "id": "plan_FZ3RVtpq9rTFMS",
                  "object": "plan",
                  "active": true,
                  "aggregate_usage": null,
                  "amount": 31,
                  "billing_scheme": "per_unit",
                  "created": 1564969786,
                  "currency": "usd",
                  "interval": "month",
                  "interval_count": 1,
                  "livemode": false,
                  "metadata": {
                  },
                  "nickname": "Ampled Support $5",
                  "product": "prod_FZ3RQAnX8Vo5j8",
                  "tiers": null,
                  "tiers_mode": null,
                  "transform_usage": null,
                  "trial_period_days": null,
                  "usage_type": "licensed"
                },
                "quantity": 1,
                "schedule": null,
                "start": 1564969788,
                "start_date": 1564969788,
                "status": "active",
                "tax_percent": null,
                "trial_end": null,
                "trial_start": null
              }
            ],
            "has_more": false,
            "total_count": 1,
            "url": "/v1/customers/cus_FZ3RfaHY4e3cfr/subscriptions"
          },
          "tax_exempt": "none",
          "tax_ids": {
            "object": "list",
            "data": [

            ],
            "has_more": false,
            "total_count": 0,
            "url": "/v1/customers/cus_FZ3RfaHY4e3cfr/tax_ids"
          },
          "tax_info": null,
          "tax_info_verification": null
        }
    http_version: 
  recorded_at: Mon, 05 Aug 2019 01:49:49 GMT
- request:
    method: get
    uri: https://api.stripe.com/v1/products/prod_FZ3U22e0GiAIzt
    body:
      encoding: US-ASCII
      string: ''
    headers:
      User-Agent:
      - Stripe/v1 RubyBindings/4.12.0
      Authorization:
      - Bearer sk_test_WpL6hAXT7brfG79UaViblroq00X4X2uvkS
      Content-Type:
      - application/x-www-form-urlencoded
      X-Stripe-Client-User-Agent:
      - '{"bindings_version":"4.12.0","lang":"ruby","lang_version":"2.5.3 p105 (2018-10-18)","platform":"x86_64-darwin18","engine":"ruby","publisher":"stripe","uname":"Darwin
        sernpidal 18.2.0 Darwin Kernel Version 18.2.0: Thu Dec 20 20:46:53 PST 2018;
        root:xnu-4903.241.1~1/RELEASE_X86_64 x86_64","hostname":"sernpidal"}'
      Stripe-Account:
      - acct_1ESxHQGrdnhANdIV
      Accept-Encoding:
      - gzip;q=1.0,deflate;q=0.6,identity;q=0.3
      Accept:
      - "*/*"
      Connection:
      - keep-alive
      Keep-Alive:
      - '30'
  response:
    status:
      code: 200
      message: OK
    headers:
      Server:
      - nginx
      Date:
      - Mon, 05 Aug 2019 01:52:50 GMT
      Content-Type:
      - application/json
      Content-Length:
      - '422'
      Connection:
      - keep-alive
      Access-Control-Allow-Credentials:
      - 'true'
      Access-Control-Allow-Methods:
      - GET, POST, HEAD, OPTIONS, DELETE
      Access-Control-Allow-Origin:
      - "*"
      Access-Control-Expose-Headers:
      - Request-Id, Stripe-Manage-Version, X-Stripe-External-Auth-Required, X-Stripe-Privileged-Session-Required
      Access-Control-Max-Age:
      - '300'
      Cache-Control:
      - no-cache, no-store
      Request-Id:
      - req_NFe6oBmshGIu4U
      Stripe-Account:
      - acct_1ESxHQGrdnhANdIV
      Stripe-Version:
      - '2019-03-14'
      Strict-Transport-Security:
      - max-age=31556926; includeSubDomains; preload
    body:
      encoding: UTF-8
      string: |
        {
          "id": "prod_FZ3U22e0GiAIzt",
          "object": "product",
          "active": true,
          "attributes": [

          ],
          "caption": null,
          "created": 1564969970,
          "description": null,
          "images": [

          ],
          "livemode": false,
          "metadata": {
          },
          "name": "Ampled Support",
          "package_dimensions": null,
          "shippable": null,
          "statement_descriptor": null,
          "type": "service",
          "unit_label": null,
          "updated": 1564969970,
          "url": null
        }
    http_version: 
  recorded_at: Mon, 05 Aug 2019 01:52:50 GMT
- request:
    method: get
    uri: https://api.stripe.com/v1/customers/cus_FZ3VZBIJX5RofU
    body:
      encoding: US-ASCII
      string: ''
    headers:
      User-Agent:
      - Stripe/v1 RubyBindings/4.12.0
      Authorization:
      - Bearer sk_test_WpL6hAXT7brfG79UaViblroq00X4X2uvkS
      Content-Type:
      - application/x-www-form-urlencoded
      X-Stripe-Client-User-Agent:
      - '{"bindings_version":"4.12.0","lang":"ruby","lang_version":"2.5.3 p105 (2018-10-18)","platform":"x86_64-darwin18","engine":"ruby","publisher":"stripe","uname":"Darwin
        sernpidal 18.2.0 Darwin Kernel Version 18.2.0: Thu Dec 20 20:46:53 PST 2018;
        root:xnu-4903.241.1~1/RELEASE_X86_64 x86_64","hostname":"sernpidal"}'
      Stripe-Account:
      - acct_1ESxHQGrdnhANdIV
      Accept-Encoding:
      - gzip;q=1.0,deflate;q=0.6,identity;q=0.3
      Accept:
      - "*/*"
      Connection:
      - keep-alive
      Keep-Alive:
      - '30'
  response:
    status:
      code: 200
      message: OK
    headers:
      Server:
      - nginx
      Date:
      - Mon, 05 Aug 2019 01:53:22 GMT
      Content-Type:
      - application/json
      Content-Length:
      - '5079'
      Connection:
      - keep-alive
      Access-Control-Allow-Credentials:
      - 'true'
      Access-Control-Allow-Methods:
      - GET, POST, HEAD, OPTIONS, DELETE
      Access-Control-Allow-Origin:
      - "*"
      Access-Control-Expose-Headers:
      - Request-Id, Stripe-Manage-Version, X-Stripe-External-Auth-Required, X-Stripe-Privileged-Session-Required
      Access-Control-Max-Age:
      - '300'
      Cache-Control:
      - no-cache, no-store
      Request-Id:
      - req_sSIHO8sDYW5icz
      Stripe-Account:
      - acct_1ESxHQGrdnhANdIV
      Stripe-Version:
      - '2019-03-14'
      Strict-Transport-Security:
      - max-age=31556926; includeSubDomains; preload
    body:
      encoding: UTF-8
      string: |
        {
          "id": "cus_FZ3VZBIJX5RofU",
          "object": "customer",
          "account_balance": 31,
          "address": null,
          "balance": 31,
          "created": 1564970000,
          "currency": "usd",
          "default_source": "card_1F3vO0GrdnhANdIVYUqktlLv",
          "delinquent": false,
          "description": "gregg@harber.com for ",
          "discount": null,
          "email": null,
          "invoice_prefix": "E2573140",
          "invoice_settings": {
            "custom_fields": null,
            "default_payment_method": null,
            "footer": null
          },
          "livemode": false,
          "metadata": {
          },
          "name": null,
          "phone": null,
          "preferred_locales": [

          ],
          "shipping": null,
          "sources": {
            "object": "list",
            "data": [
              {
                "id": "card_1F3vO0GrdnhANdIVYUqktlLv",
                "object": "card",
                "address_city": null,
                "address_country": null,
                "address_line1": null,
                "address_line1_check": null,
                "address_line2": null,
                "address_state": null,
                "address_zip": "92928",
                "address_zip_check": "pass",
                "brand": "Visa",
                "country": "US",
                "customer": "cus_FZ3VZBIJX5RofU",
                "cvc_check": "pass",
                "dynamic_last4": null,
                "exp_month": 3,
                "exp_year": 2020,
                "fingerprint": "c7AvuxS6jv5p8NBJ",
                "funding": "credit",
                "last4": "4242",
                "metadata": {
                },
                "name": null,
                "tokenization_method": null
              }
            ],
            "has_more": false,
            "total_count": 1,
            "url": "/v1/customers/cus_FZ3VZBIJX5RofU/sources"
          },
          "subscriptions": {
            "object": "list",
            "data": [
              {
                "id": "sub_FZ3VRzgI7hQCxE",
                "object": "subscription",
                "application_fee_percent": 15.0,
                "billing": "charge_automatically",
                "billing_cycle_anchor": 1564970001,
                "billing_thresholds": null,
                "cancel_at": null,
                "cancel_at_period_end": false,
                "canceled_at": null,
                "collection_method": "charge_automatically",
                "created": 1564970001,
                "current_period_end": 1567648401,
                "current_period_start": 1564970001,
                "customer": "cus_FZ3VZBIJX5RofU",
                "days_until_due": null,
                "default_payment_method": null,
                "default_source": null,
                "default_tax_rates": [

                ],
                "discount": null,
                "ended_at": null,
                "items": {
                  "object": "list",
                  "data": [
                    {
                      "id": "si_FZ3V2CKSvxidDR",
                      "object": "subscription_item",
                      "billing_thresholds": null,
                      "created": 1564970002,
                      "metadata": {
                      },
                      "plan": {
                        "id": "plan_FZ3Uq5R3IwLOtX",
                        "object": "plan",
                        "active": true,
                        "aggregate_usage": null,
                        "amount": 31,
                        "billing_scheme": "per_unit",
                        "created": 1564969970,
                        "currency": "usd",
                        "interval": "month",
                        "interval_count": 1,
                        "livemode": false,
                        "metadata": {
                        },
                        "nickname": "Ampled Support $5",
                        "product": "prod_FZ3U22e0GiAIzt",
                        "tiers": null,
                        "tiers_mode": null,
                        "transform_usage": null,
                        "trial_period_days": null,
                        "usage_type": "licensed"
                      },
                      "quantity": 1,
                      "subscription": "sub_FZ3VRzgI7hQCxE",
                      "tax_rates": [

                      ]
                    }
                  ],
                  "has_more": false,
                  "total_count": 1,
                  "url": "/v1/subscription_items?subscription=sub_FZ3VRzgI7hQCxE"
                },
                "latest_invoice": "in_1F3vO1GrdnhANdIVl9R92XER",
                "livemode": false,
                "metadata": {
                },
                "pending_setup_intent": null,
                "plan": {
                  "id": "plan_FZ3Uq5R3IwLOtX",
                  "object": "plan",
                  "active": true,
                  "aggregate_usage": null,
                  "amount": 31,
                  "billing_scheme": "per_unit",
                  "created": 1564969970,
                  "currency": "usd",
                  "interval": "month",
                  "interval_count": 1,
                  "livemode": false,
                  "metadata": {
                  },
                  "nickname": "Ampled Support $5",
                  "product": "prod_FZ3U22e0GiAIzt",
                  "tiers": null,
                  "tiers_mode": null,
                  "transform_usage": null,
                  "trial_period_days": null,
                  "usage_type": "licensed"
                },
                "quantity": 1,
                "schedule": null,
                "start": 1564970001,
                "start_date": 1564970001,
                "status": "active",
                "tax_percent": null,
                "trial_end": null,
                "trial_start": null
              }
            ],
            "has_more": false,
            "total_count": 1,
            "url": "/v1/customers/cus_FZ3VZBIJX5RofU/subscriptions"
          },
          "tax_exempt": "none",
          "tax_ids": {
            "object": "list",
            "data": [

            ],
            "has_more": false,
            "total_count": 0,
            "url": "/v1/customers/cus_FZ3VZBIJX5RofU/tax_ids"
          },
          "tax_info": null,
          "tax_info_verification": null
        }
    http_version: 
  recorded_at: Mon, 05 Aug 2019 01:53:22 GMT
- request:
    method: get
    uri: https://api.stripe.com/v1/products/prod_FZ3Ywt0qf3shuT
    body:
      encoding: US-ASCII
      string: ''
    headers:
      User-Agent:
      - Stripe/v1 RubyBindings/4.12.0
      Authorization:
      - Bearer sk_test_WpL6hAXT7brfG79UaViblroq00X4X2uvkS
      Content-Type:
      - application/x-www-form-urlencoded
      X-Stripe-Client-User-Agent:
      - '{"bindings_version":"4.12.0","lang":"ruby","lang_version":"2.5.3 p105 (2018-10-18)","platform":"x86_64-darwin18","engine":"ruby","publisher":"stripe","uname":"Darwin
        sernpidal 18.2.0 Darwin Kernel Version 18.2.0: Thu Dec 20 20:46:53 PST 2018;
        root:xnu-4903.241.1~1/RELEASE_X86_64 x86_64","hostname":"sernpidal"}'
      Stripe-Account:
      - acct_1ESxHQGrdnhANdIV
      Accept-Encoding:
      - gzip;q=1.0,deflate;q=0.6,identity;q=0.3
      Accept:
      - "*/*"
      Connection:
      - keep-alive
      Keep-Alive:
      - '30'
  response:
    status:
      code: 200
      message: OK
    headers:
      Server:
      - nginx
      Date:
      - Mon, 05 Aug 2019 01:56:23 GMT
      Content-Type:
      - application/json
      Content-Length:
      - '422'
      Connection:
      - keep-alive
      Access-Control-Allow-Credentials:
      - 'true'
      Access-Control-Allow-Methods:
      - GET, POST, HEAD, OPTIONS, DELETE
      Access-Control-Allow-Origin:
      - "*"
      Access-Control-Expose-Headers:
      - Request-Id, Stripe-Manage-Version, X-Stripe-External-Auth-Required, X-Stripe-Privileged-Session-Required
      Access-Control-Max-Age:
      - '300'
      Cache-Control:
      - no-cache, no-store
      Request-Id:
      - req_R9R4fz2QjbpquQ
      Stripe-Account:
      - acct_1ESxHQGrdnhANdIV
      Stripe-Version:
      - '2019-03-14'
      Strict-Transport-Security:
      - max-age=31556926; includeSubDomains; preload
    body:
      encoding: UTF-8
      string: |
        {
          "id": "prod_FZ3Ywt0qf3shuT",
          "object": "product",
          "active": true,
          "attributes": [

          ],
          "caption": null,
          "created": 1564970183,
          "description": null,
          "images": [

          ],
          "livemode": false,
          "metadata": {
          },
          "name": "Ampled Support",
          "package_dimensions": null,
          "shippable": null,
          "statement_descriptor": null,
          "type": "service",
          "unit_label": null,
          "updated": 1564970183,
          "url": null
        }
    http_version: 
  recorded_at: Mon, 05 Aug 2019 01:56:24 GMT
- request:
    method: get
    uri: https://api.stripe.com/v1/customers/cus_FZ3YAKuLV3YRCb
    body:
      encoding: US-ASCII
      string: ''
    headers:
      User-Agent:
      - Stripe/v1 RubyBindings/4.12.0
      Authorization:
      - Bearer sk_test_WpL6hAXT7brfG79UaViblroq00X4X2uvkS
      Content-Type:
      - application/x-www-form-urlencoded
      X-Stripe-Client-User-Agent:
      - '{"bindings_version":"4.12.0","lang":"ruby","lang_version":"2.5.3 p105 (2018-10-18)","platform":"x86_64-darwin18","engine":"ruby","publisher":"stripe","uname":"Darwin
        sernpidal 18.2.0 Darwin Kernel Version 18.2.0: Thu Dec 20 20:46:53 PST 2018;
        root:xnu-4903.241.1~1/RELEASE_X86_64 x86_64","hostname":"sernpidal"}'
      Stripe-Account:
      - acct_1ESxHQGrdnhANdIV
      Accept-Encoding:
      - gzip;q=1.0,deflate;q=0.6,identity;q=0.3
      Accept:
      - "*/*"
      Connection:
      - keep-alive
      Keep-Alive:
      - '30'
  response:
    status:
      code: 200
      message: OK
    headers:
      Server:
      - nginx
      Date:
      - Mon, 05 Aug 2019 01:56:27 GMT
      Content-Type:
      - application/json
      Content-Length:
      - '5086'
      Connection:
      - keep-alive
      Access-Control-Allow-Credentials:
      - 'true'
      Access-Control-Allow-Methods:
      - GET, POST, HEAD, OPTIONS, DELETE
      Access-Control-Allow-Origin:
      - "*"
      Access-Control-Expose-Headers:
      - Request-Id, Stripe-Manage-Version, X-Stripe-External-Auth-Required, X-Stripe-Privileged-Session-Required
      Access-Control-Max-Age:
      - '300'
      Cache-Control:
      - no-cache, no-store
      Request-Id:
      - req_QrNNetnrk2rzVM
      Stripe-Account:
      - acct_1ESxHQGrdnhANdIV
      Stripe-Version:
      - '2019-03-14'
      Strict-Transport-Security:
      - max-age=31556926; includeSubDomains; preload
    body:
      encoding: UTF-8
      string: |
        {
          "id": "cus_FZ3YAKuLV3YRCb",
          "object": "customer",
          "account_balance": 0,
          "address": null,
          "balance": 0,
          "created": 1564970184,
          "currency": "usd",
          "default_source": "card_1F3vQyGrdnhANdIVq3JFJ6Rn",
          "delinquent": false,
          "description": "hongcrona@boehm.org for ",
          "discount": null,
          "email": null,
          "invoice_prefix": "C42B43E5",
          "invoice_settings": {
            "custom_fields": null,
            "default_payment_method": null,
            "footer": null
          },
          "livemode": false,
          "metadata": {
          },
          "name": null,
          "phone": null,
          "preferred_locales": [

          ],
          "shipping": null,
          "sources": {
            "object": "list",
            "data": [
              {
                "id": "card_1F3vQyGrdnhANdIVq3JFJ6Rn",
                "object": "card",
                "address_city": null,
                "address_country": null,
                "address_line1": null,
                "address_line1_check": null,
                "address_line2": null,
                "address_state": null,
                "address_zip": "92928",
                "address_zip_check": "pass",
                "brand": "Visa",
                "country": "US",
                "customer": "cus_FZ3YAKuLV3YRCb",
                "cvc_check": "pass",
                "dynamic_last4": null,
                "exp_month": 3,
                "exp_year": 2020,
                "fingerprint": "c7AvuxS6jv5p8NBJ",
                "funding": "credit",
                "last4": "4242",
                "metadata": {
                },
                "name": null,
                "tokenization_method": null
              }
            ],
            "has_more": false,
            "total_count": 1,
            "url": "/v1/customers/cus_FZ3YAKuLV3YRCb/sources"
          },
          "subscriptions": {
            "object": "list",
            "data": [
              {
                "id": "sub_FZ3Y3KTXDDgy7R",
                "object": "subscription",
                "application_fee_percent": 15.0,
                "billing": "charge_automatically",
                "billing_cycle_anchor": 1564970185,
                "billing_thresholds": null,
                "cancel_at": null,
                "cancel_at_period_end": false,
                "canceled_at": null,
                "collection_method": "charge_automatically",
                "created": 1564970185,
                "current_period_end": 1567648585,
                "current_period_start": 1564970185,
                "customer": "cus_FZ3YAKuLV3YRCb",
                "days_until_due": null,
                "default_payment_method": null,
                "default_source": null,
                "default_tax_rates": [

                ],
                "discount": null,
                "ended_at": null,
                "items": {
                  "object": "list",
                  "data": [
                    {
                      "id": "si_FZ3YNOkIDy4oJf",
                      "object": "subscription_item",
                      "billing_thresholds": null,
                      "created": 1564970186,
                      "metadata": {
                      },
                      "plan": {
                        "id": "plan_FZ3YKSZY5D94M2",
                        "object": "plan",
                        "active": true,
                        "aggregate_usage": null,
                        "amount": 10330,
                        "billing_scheme": "per_unit",
                        "created": 1564970184,
                        "currency": "usd",
                        "interval": "month",
                        "interval_count": 1,
                        "livemode": false,
                        "metadata": {
                        },
                        "nickname": "Ampled Support $5",
                        "product": "prod_FZ3Ywt0qf3shuT",
                        "tiers": null,
                        "tiers_mode": null,
                        "transform_usage": null,
                        "trial_period_days": null,
                        "usage_type": "licensed"
                      },
                      "quantity": 1,
                      "subscription": "sub_FZ3Y3KTXDDgy7R",
                      "tax_rates": [

                      ]
                    }
                  ],
                  "has_more": false,
                  "total_count": 1,
                  "url": "/v1/subscription_items?subscription=sub_FZ3Y3KTXDDgy7R"
                },
                "latest_invoice": "in_1F3vQzGrdnhANdIVG1OFjSvd",
                "livemode": false,
                "metadata": {
                },
                "pending_setup_intent": null,
                "plan": {
                  "id": "plan_FZ3YKSZY5D94M2",
                  "object": "plan",
                  "active": true,
                  "aggregate_usage": null,
                  "amount": 10330,
                  "billing_scheme": "per_unit",
                  "created": 1564970184,
                  "currency": "usd",
                  "interval": "month",
                  "interval_count": 1,
                  "livemode": false,
                  "metadata": {
                  },
                  "nickname": "Ampled Support $5",
                  "product": "prod_FZ3Ywt0qf3shuT",
                  "tiers": null,
                  "tiers_mode": null,
                  "transform_usage": null,
                  "trial_period_days": null,
                  "usage_type": "licensed"
                },
                "quantity": 1,
                "schedule": null,
                "start": 1564970185,
                "start_date": 1564970185,
                "status": "active",
                "tax_percent": null,
                "trial_end": null,
                "trial_start": null
              }
            ],
            "has_more": false,
            "total_count": 1,
            "url": "/v1/customers/cus_FZ3YAKuLV3YRCb/subscriptions"
          },
          "tax_exempt": "none",
          "tax_ids": {
            "object": "list",
            "data": [

            ],
            "has_more": false,
            "total_count": 0,
            "url": "/v1/customers/cus_FZ3YAKuLV3YRCb/tax_ids"
          },
          "tax_info": null,
          "tax_info_verification": null
        }
    http_version: 
  recorded_at: Mon, 05 Aug 2019 01:56:27 GMT
- request:
    method: get
    uri: https://api.stripe.com/v1/products/prod_FZ3jPrkhEidm0J
    body:
      encoding: US-ASCII
      string: ''
    headers:
      User-Agent:
      - Stripe/v1 RubyBindings/4.12.0
      Authorization:
      - Bearer sk_test_WpL6hAXT7brfG79UaViblroq00X4X2uvkS
      Content-Type:
      - application/x-www-form-urlencoded
      X-Stripe-Client-User-Agent:
      - '{"bindings_version":"4.12.0","lang":"ruby","lang_version":"2.5.3 p105 (2018-10-18)","platform":"x86_64-darwin18","engine":"ruby","publisher":"stripe","uname":"Darwin
        sernpidal 18.2.0 Darwin Kernel Version 18.2.0: Thu Dec 20 20:46:53 PST 2018;
        root:xnu-4903.241.1~1/RELEASE_X86_64 x86_64","hostname":"sernpidal"}'
      Stripe-Account:
      - acct_1ESxHQGrdnhANdIV
      Accept-Encoding:
      - gzip;q=1.0,deflate;q=0.6,identity;q=0.3
      Accept:
      - "*/*"
      Connection:
      - keep-alive
      Keep-Alive:
      - '30'
  response:
    status:
      code: 200
      message: OK
    headers:
      Server:
      - nginx
      Date:
      - Mon, 05 Aug 2019 02:08:16 GMT
      Content-Type:
      - application/json
      Content-Length:
      - '422'
      Connection:
      - keep-alive
      Access-Control-Allow-Credentials:
      - 'true'
      Access-Control-Allow-Methods:
      - GET, POST, HEAD, OPTIONS, DELETE
      Access-Control-Allow-Origin:
      - "*"
      Access-Control-Expose-Headers:
      - Request-Id, Stripe-Manage-Version, X-Stripe-External-Auth-Required, X-Stripe-Privileged-Session-Required
      Access-Control-Max-Age:
      - '300'
      Cache-Control:
      - no-cache, no-store
      Request-Id:
      - req_VOPsXDJEXLBo7j
      Stripe-Account:
      - acct_1ESxHQGrdnhANdIV
      Stripe-Version:
      - '2019-03-14'
      Strict-Transport-Security:
      - max-age=31556926; includeSubDomains; preload
    body:
      encoding: UTF-8
      string: |
        {
          "id": "prod_FZ3jPrkhEidm0J",
          "object": "product",
          "active": true,
          "attributes": [

          ],
          "caption": null,
          "created": 1564970896,
          "description": null,
          "images": [

          ],
          "livemode": false,
          "metadata": {
          },
          "name": "Ampled Support",
          "package_dimensions": null,
          "shippable": null,
          "statement_descriptor": null,
          "type": "service",
          "unit_label": null,
          "updated": 1564970896,
          "url": null
        }
    http_version: 
  recorded_at: Mon, 05 Aug 2019 02:08:16 GMT
- request:
    method: get
    uri: https://api.stripe.com/v1/customers/cus_FZ3jzWNMCns8AV
    body:
      encoding: US-ASCII
      string: ''
    headers:
      User-Agent:
      - Stripe/v1 RubyBindings/4.12.0
      Authorization:
      - Bearer sk_test_WpL6hAXT7brfG79UaViblroq00X4X2uvkS
      Content-Type:
      - application/x-www-form-urlencoded
      X-Stripe-Client-User-Agent:
      - '{"bindings_version":"4.12.0","lang":"ruby","lang_version":"2.5.3 p105 (2018-10-18)","platform":"x86_64-darwin18","engine":"ruby","publisher":"stripe","uname":"Darwin
        sernpidal 18.2.0 Darwin Kernel Version 18.2.0: Thu Dec 20 20:46:53 PST 2018;
        root:xnu-4903.241.1~1/RELEASE_X86_64 x86_64","hostname":"sernpidal"}'
      Stripe-Account:
      - acct_1ESxHQGrdnhANdIV
      Accept-Encoding:
      - gzip;q=1.0,deflate;q=0.6,identity;q=0.3
      Accept:
      - "*/*"
      Connection:
      - keep-alive
      Keep-Alive:
      - '30'
  response:
    status:
      code: 200
      message: OK
    headers:
      Server:
      - nginx
      Date:
      - Mon, 05 Aug 2019 02:08:22 GMT
      Content-Type:
      - application/json
      Content-Length:
      - '5091'
      Connection:
      - keep-alive
      Access-Control-Allow-Credentials:
      - 'true'
      Access-Control-Allow-Methods:
      - GET, POST, HEAD, OPTIONS, DELETE
      Access-Control-Allow-Origin:
      - "*"
      Access-Control-Expose-Headers:
      - Request-Id, Stripe-Manage-Version, X-Stripe-External-Auth-Required, X-Stripe-Privileged-Session-Required
      Access-Control-Max-Age:
      - '300'
      Cache-Control:
      - no-cache, no-store
      Request-Id:
      - req_mvwA7wjMUrUm6M
      Stripe-Account:
      - acct_1ESxHQGrdnhANdIV
      Stripe-Version:
      - '2019-03-14'
      Strict-Transport-Security:
      - max-age=31556926; includeSubDomains; preload
    body:
      encoding: UTF-8
      string: |
        {
          "id": "cus_FZ3jzWNMCns8AV",
          "object": "customer",
          "account_balance": 0,
          "address": null,
          "balance": 0,
          "created": 1564970898,
          "currency": "usd",
          "default_source": "card_1F3vcTGrdnhANdIViNsuWhKj",
          "delinquent": false,
          "description": "margretwalsh@murazik.org for ",
          "discount": null,
          "email": null,
          "invoice_prefix": "8EFCC1AE",
          "invoice_settings": {
            "custom_fields": null,
            "default_payment_method": null,
            "footer": null
          },
          "livemode": false,
          "metadata": {
          },
          "name": null,
          "phone": null,
          "preferred_locales": [

          ],
          "shipping": null,
          "sources": {
            "object": "list",
            "data": [
              {
                "id": "card_1F3vcTGrdnhANdIViNsuWhKj",
                "object": "card",
                "address_city": null,
                "address_country": null,
                "address_line1": null,
                "address_line1_check": null,
                "address_line2": null,
                "address_state": null,
                "address_zip": "92928",
                "address_zip_check": "pass",
                "brand": "Visa",
                "country": "US",
                "customer": "cus_FZ3jzWNMCns8AV",
                "cvc_check": "pass",
                "dynamic_last4": null,
                "exp_month": 3,
                "exp_year": 2020,
                "fingerprint": "c7AvuxS6jv5p8NBJ",
                "funding": "credit",
                "last4": "4242",
                "metadata": {
                },
                "name": null,
                "tokenization_method": null
              }
            ],
            "has_more": false,
            "total_count": 1,
            "url": "/v1/customers/cus_FZ3jzWNMCns8AV/sources"
          },
          "subscriptions": {
            "object": "list",
            "data": [
              {
                "id": "sub_FZ3je6qJ144CfD",
                "object": "subscription",
                "application_fee_percent": 15.0,
                "billing": "charge_automatically",
                "billing_cycle_anchor": 1564970898,
                "billing_thresholds": null,
                "cancel_at": null,
                "cancel_at_period_end": false,
                "canceled_at": null,
                "collection_method": "charge_automatically",
                "created": 1564970898,
                "current_period_end": 1567649298,
                "current_period_start": 1564970898,
                "customer": "cus_FZ3jzWNMCns8AV",
                "days_until_due": null,
                "default_payment_method": null,
                "default_source": null,
                "default_tax_rates": [

                ],
                "discount": null,
                "ended_at": null,
                "items": {
                  "object": "list",
                  "data": [
                    {
                      "id": "si_FZ3j2ICAkojIAt",
                      "object": "subscription_item",
                      "billing_thresholds": null,
                      "created": 1564970899,
                      "metadata": {
                      },
                      "plan": {
                        "id": "plan_FZ3jkWO0ykAjWJ",
                        "object": "plan",
                        "active": true,
                        "aggregate_usage": null,
                        "amount": 10330,
                        "billing_scheme": "per_unit",
                        "created": 1564970896,
                        "currency": "usd",
                        "interval": "month",
                        "interval_count": 1,
                        "livemode": false,
                        "metadata": {
                        },
                        "nickname": "Ampled Support $5",
                        "product": "prod_FZ3jPrkhEidm0J",
                        "tiers": null,
                        "tiers_mode": null,
                        "transform_usage": null,
                        "trial_period_days": null,
                        "usage_type": "licensed"
                      },
                      "quantity": 1,
                      "subscription": "sub_FZ3je6qJ144CfD",
                      "tax_rates": [

                      ]
                    }
                  ],
                  "has_more": false,
                  "total_count": 1,
                  "url": "/v1/subscription_items?subscription=sub_FZ3je6qJ144CfD"
                },
                "latest_invoice": "in_1F3vcUGrdnhANdIV8Ef7cx95",
                "livemode": false,
                "metadata": {
                },
                "pending_setup_intent": null,
                "plan": {
                  "id": "plan_FZ3jkWO0ykAjWJ",
                  "object": "plan",
                  "active": true,
                  "aggregate_usage": null,
                  "amount": 10330,
                  "billing_scheme": "per_unit",
                  "created": 1564970896,
                  "currency": "usd",
                  "interval": "month",
                  "interval_count": 1,
                  "livemode": false,
                  "metadata": {
                  },
                  "nickname": "Ampled Support $5",
                  "product": "prod_FZ3jPrkhEidm0J",
                  "tiers": null,
                  "tiers_mode": null,
                  "transform_usage": null,
                  "trial_period_days": null,
                  "usage_type": "licensed"
                },
                "quantity": 1,
                "schedule": null,
                "start": 1564970898,
                "start_date": 1564970898,
                "status": "active",
                "tax_percent": null,
                "trial_end": null,
                "trial_start": null
              }
            ],
            "has_more": false,
            "total_count": 1,
            "url": "/v1/customers/cus_FZ3jzWNMCns8AV/subscriptions"
          },
          "tax_exempt": "none",
          "tax_ids": {
            "object": "list",
            "data": [

            ],
            "has_more": false,
            "total_count": 0,
            "url": "/v1/customers/cus_FZ3jzWNMCns8AV/tax_ids"
          },
          "tax_info": null,
          "tax_info_verification": null
        }
    http_version: 
  recorded_at: Mon, 05 Aug 2019 02:08:22 GMT
- request:
    method: get
    uri: https://api.stripe.com/v1/products/prod_GGv7vj4nDvrztF
    body:
      encoding: US-ASCII
      string: ''
    headers:
      User-Agent:
      - Stripe/v1 RubyBindings/4.12.0
      Authorization:
      - Bearer sk_test_3RnBGRLSL1zbZa2ryzt82tjI
      Content-Type:
      - application/x-www-form-urlencoded
      X-Stripe-Client-User-Agent:
      - '{"bindings_version":"4.12.0","lang":"ruby","lang_version":"2.5.3 p105 (2018-10-18)","platform":"x86_64-linux","engine":"ruby","publisher":"stripe","uname":"Linux
        version 5.0.0-36-generic (buildd@lgw01-amd64-060) (gcc version 7.4.0 (Ubuntu
        7.4.0-1ubuntu1~18.04.1)) #39~18.04.1-Ubuntu SMP Tue Nov 12 11:09:50 UTC 2019","hostname":"x250"}'
      Stripe-Account:
      - acct_1FA1TnKB00tmjmII
      Accept-Encoding:
      - gzip;q=1.0,deflate;q=0.6,identity;q=0.3
      Accept:
      - "*/*"
      Connection:
      - keep-alive
      Keep-Alive:
      - '30'
  response:
    status:
      code: 200
      message: OK
    headers:
      Server:
      - nginx
      Date:
      - Sat, 30 Nov 2019 04:09:41 GMT
      Content-Type:
      - application/json
      Content-Length:
      - '422'
      Connection:
      - keep-alive
      Access-Control-Allow-Credentials:
      - 'true'
      Access-Control-Allow-Methods:
      - GET, POST, HEAD, OPTIONS, DELETE
      Access-Control-Allow-Origin:
      - "*"
      Access-Control-Expose-Headers:
      - Request-Id, Stripe-Manage-Version, X-Stripe-External-Auth-Required, X-Stripe-Privileged-Session-Required
      Access-Control-Max-Age:
      - '300'
      Cache-Control:
      - no-cache, no-store
      Request-Id:
      - req_FQJ54Thl0uboMb
      Stripe-Account:
      - acct_1FA1TnKB00tmjmII
      Stripe-Version:
      - '2019-02-11'
      Strict-Transport-Security:
      - max-age=31556926; includeSubDomains; preload
    body:
      encoding: UTF-8
      string: |
        {
          "id": "prod_GGv7vj4nDvrztF",
          "object": "product",
          "active": true,
          "attributes": [

          ],
          "caption": null,
          "created": 1575086981,
          "description": null,
          "images": [

          ],
          "livemode": false,
          "metadata": {
          },
          "name": "Ampled Support",
          "package_dimensions": null,
          "shippable": null,
          "statement_descriptor": null,
          "type": "service",
          "unit_label": null,
          "updated": 1575086981,
          "url": null
        }
    http_version: 
  recorded_at: Sat, 30 Nov 2019 04:09:41 GMT
- request:
    method: post
    uri: https://api.stripe.com/v1/products
    body:
      encoding: UTF-8
      string: name=Ampled+Support&type=service
    headers:
      User-Agent:
      - Stripe/v1 RubyBindings/4.12.0
      Authorization:
      - Bearer sk_test_3RnBGRLSL1zbZa2ryzt82tjI
      Content-Type:
      - application/x-www-form-urlencoded
      X-Stripe-Client-User-Agent:
      - '{"bindings_version":"4.12.0","lang":"ruby","lang_version":"2.5.3 p105 (2018-10-18)","platform":"x86_64-linux","engine":"ruby","publisher":"stripe","uname":"Linux
        version 5.0.0-36-generic (buildd@lgw01-amd64-060) (gcc version 7.4.0 (Ubuntu
        7.4.0-1ubuntu1~18.04.1)) #39~18.04.1-Ubuntu SMP Tue Nov 12 11:09:50 UTC 2019","hostname":"x250"}'
      Stripe-Account:
      - acct_1FA1TnKB00tmjmII
      Accept-Encoding:
      - gzip;q=1.0,deflate;q=0.6,identity;q=0.3
      Accept:
      - "*/*"
      Connection:
      - keep-alive
      Keep-Alive:
      - '30'
  response:
    status:
      code: 200
      message: OK
    headers:
      Server:
      - nginx
      Date:
      - Sat, 30 Nov 2019 04:12:29 GMT
      Content-Type:
      - application/json
      Content-Length:
      - '422'
      Connection:
      - keep-alive
      Access-Control-Allow-Credentials:
      - 'true'
      Access-Control-Allow-Methods:
      - GET, POST, HEAD, OPTIONS, DELETE
      Access-Control-Allow-Origin:
      - "*"
      Access-Control-Expose-Headers:
      - Request-Id, Stripe-Manage-Version, X-Stripe-External-Auth-Required, X-Stripe-Privileged-Session-Required
      Access-Control-Max-Age:
      - '300'
      Cache-Control:
      - no-cache, no-store
      Request-Id:
      - req_RYV0SyyTgsCVpw
      Stripe-Account:
      - acct_1FA1TnKB00tmjmII
      Stripe-Version:
      - '2019-02-11'
      Strict-Transport-Security:
      - max-age=31556926; includeSubDomains; preload
    body:
      encoding: UTF-8
      string: |
        {
          "id": "prod_GGvAjt1C6XptPQ",
          "object": "product",
          "active": true,
          "attributes": [

          ],
          "caption": null,
          "created": 1575087149,
          "description": null,
          "images": [

          ],
          "livemode": false,
          "metadata": {
          },
          "name": "Ampled Support",
          "package_dimensions": null,
          "shippable": null,
          "statement_descriptor": null,
          "type": "service",
          "unit_label": null,
          "updated": 1575087149,
          "url": null
        }
    http_version: 
  recorded_at: Sat, 30 Nov 2019 04:12:29 GMT
- request:
    method: get
    uri: https://api.stripe.com/v1/products/prod_GGvAjt1C6XptPQ
    body:
      encoding: US-ASCII
      string: ''
    headers:
      User-Agent:
      - Stripe/v1 RubyBindings/4.12.0
      Authorization:
      - Bearer sk_test_3RnBGRLSL1zbZa2ryzt82tjI
      Content-Type:
      - application/x-www-form-urlencoded
      X-Stripe-Client-User-Agent:
      - '{"bindings_version":"4.12.0","lang":"ruby","lang_version":"2.5.3 p105 (2018-10-18)","platform":"x86_64-linux","engine":"ruby","publisher":"stripe","uname":"Linux
        version 5.0.0-36-generic (buildd@lgw01-amd64-060) (gcc version 7.4.0 (Ubuntu
        7.4.0-1ubuntu1~18.04.1)) #39~18.04.1-Ubuntu SMP Tue Nov 12 11:09:50 UTC 2019","hostname":"x250"}'
      Stripe-Account:
      - acct_1FA1TnKB00tmjmII
      Accept-Encoding:
      - gzip;q=1.0,deflate;q=0.6,identity;q=0.3
      Accept:
      - "*/*"
      Connection:
      - keep-alive
      Keep-Alive:
      - '30'
  response:
    status:
      code: 200
      message: OK
    headers:
      Server:
      - nginx
      Date:
      - Sat, 30 Nov 2019 04:12:29 GMT
      Content-Type:
      - application/json
      Content-Length:
      - '422'
      Connection:
      - keep-alive
      Access-Control-Allow-Credentials:
      - 'true'
      Access-Control-Allow-Methods:
      - GET, POST, HEAD, OPTIONS, DELETE
      Access-Control-Allow-Origin:
      - "*"
      Access-Control-Expose-Headers:
      - Request-Id, Stripe-Manage-Version, X-Stripe-External-Auth-Required, X-Stripe-Privileged-Session-Required
      Access-Control-Max-Age:
      - '300'
      Cache-Control:
      - no-cache, no-store
      Request-Id:
      - req_KK6CZLxrzMXhPW
      Stripe-Account:
      - acct_1FA1TnKB00tmjmII
      Stripe-Version:
      - '2019-02-11'
      Strict-Transport-Security:
      - max-age=31556926; includeSubDomains; preload
    body:
      encoding: UTF-8
      string: |
        {
          "id": "prod_GGvAjt1C6XptPQ",
          "object": "product",
          "active": true,
          "attributes": [

          ],
          "caption": null,
          "created": 1575087149,
          "description": null,
          "images": [

          ],
          "livemode": false,
          "metadata": {
          },
          "name": "Ampled Support",
          "package_dimensions": null,
          "shippable": null,
          "statement_descriptor": null,
          "type": "service",
          "unit_label": null,
          "updated": 1575087149,
          "url": null
        }
    http_version: 
  recorded_at: Sat, 30 Nov 2019 04:12:29 GMT
- request:
    method: post
    uri: https://api.stripe.com/v1/plans
    body:
      encoding: UTF-8
      string: product=prod_GGvAjt1C6XptPQ&nickname=Ampled+Support+%245&interval=month&currency=usd&amount=10330
    headers:
      User-Agent:
      - Stripe/v1 RubyBindings/4.12.0
      Authorization:
      - Bearer sk_test_3RnBGRLSL1zbZa2ryzt82tjI
      Content-Type:
      - application/x-www-form-urlencoded
      X-Stripe-Client-User-Agent:
      - '{"bindings_version":"4.12.0","lang":"ruby","lang_version":"2.5.3 p105 (2018-10-18)","platform":"x86_64-linux","engine":"ruby","publisher":"stripe","uname":"Linux
        version 5.0.0-36-generic (buildd@lgw01-amd64-060) (gcc version 7.4.0 (Ubuntu
        7.4.0-1ubuntu1~18.04.1)) #39~18.04.1-Ubuntu SMP Tue Nov 12 11:09:50 UTC 2019","hostname":"x250"}'
      Stripe-Account:
      - acct_1FA1TnKB00tmjmII
      Accept-Encoding:
      - gzip;q=1.0,deflate;q=0.6,identity;q=0.3
      Accept:
      - "*/*"
      Connection:
      - keep-alive
      Keep-Alive:
      - '30'
  response:
    status:
      code: 200
      message: OK
    headers:
      Server:
      - nginx
      Date:
      - Sat, 30 Nov 2019 04:12:30 GMT
      Content-Type:
      - application/json
      Content-Length:
      - '507'
      Connection:
      - keep-alive
      Access-Control-Allow-Credentials:
      - 'true'
      Access-Control-Allow-Methods:
      - GET, POST, HEAD, OPTIONS, DELETE
      Access-Control-Allow-Origin:
      - "*"
      Access-Control-Expose-Headers:
      - Request-Id, Stripe-Manage-Version, X-Stripe-External-Auth-Required, X-Stripe-Privileged-Session-Required
      Access-Control-Max-Age:
      - '300'
      Cache-Control:
      - no-cache, no-store
      Request-Id:
      - req_oCBeyRAvsnWOU8
      Stripe-Account:
      - acct_1FA1TnKB00tmjmII
      Stripe-Version:
      - '2019-02-11'
      Strict-Transport-Security:
      - max-age=31556926; includeSubDomains; preload
    body:
      encoding: UTF-8
      string: |
        {
          "id": "plan_GGvA0laBnKm4kD",
          "object": "plan",
          "active": true,
          "aggregate_usage": null,
          "amount": 10330,
          "amount_decimal": "10330",
          "billing_scheme": "per_unit",
          "created": 1575087150,
          "currency": "usd",
          "interval": "month",
          "interval_count": 1,
          "livemode": false,
          "metadata": {
          },
          "nickname": "Ampled Support $5",
          "product": "prod_GGvAjt1C6XptPQ",
          "tiers": null,
          "tiers_mode": null,
          "transform_usage": null,
          "trial_period_days": null,
          "usage_type": "licensed"
        }
    http_version: 
  recorded_at: Sat, 30 Nov 2019 04:12:30 GMT
- request:
    method: post
    uri: https://api.stripe.com/v1/tokens
    body:
      encoding: UTF-8
      string: customer=cus_FfMNyx9ktbGwnx
    headers:
      User-Agent:
      - Stripe/v1 RubyBindings/4.12.0
      Authorization:
      - Bearer sk_test_3RnBGRLSL1zbZa2ryzt82tjI
      Content-Type:
      - application/x-www-form-urlencoded
      X-Stripe-Client-User-Agent:
      - '{"bindings_version":"4.12.0","lang":"ruby","lang_version":"2.5.3 p105 (2018-10-18)","platform":"x86_64-linux","engine":"ruby","publisher":"stripe","uname":"Linux
        version 5.0.0-36-generic (buildd@lgw01-amd64-060) (gcc version 7.4.0 (Ubuntu
        7.4.0-1ubuntu1~18.04.1)) #39~18.04.1-Ubuntu SMP Tue Nov 12 11:09:50 UTC 2019","hostname":"x250"}'
      Stripe-Account:
      - acct_1FA1TnKB00tmjmII
      Accept-Encoding:
      - gzip;q=1.0,deflate;q=0.6,identity;q=0.3
      Accept:
      - "*/*"
      Connection:
      - keep-alive
      Keep-Alive:
      - '30'
  response:
    status:
      code: 200
      message: OK
    headers:
      Server:
      - nginx
      Date:
      - Sat, 30 Nov 2019 04:12:30 GMT
      Content-Type:
      - application/json
      Content-Length:
      - '782'
      Connection:
      - keep-alive
      Access-Control-Allow-Credentials:
      - 'true'
      Access-Control-Allow-Methods:
      - GET, POST, HEAD, OPTIONS, DELETE
      Access-Control-Allow-Origin:
      - "*"
      Access-Control-Expose-Headers:
      - Request-Id, Stripe-Manage-Version, X-Stripe-External-Auth-Required, X-Stripe-Privileged-Session-Required
      Access-Control-Max-Age:
      - '300'
      Cache-Control:
      - no-cache, no-store
      Request-Id:
      - req_842EK08DSdIYOc
      Stripe-Account:
      - acct_1FA1TnKB00tmjmII
      Stripe-Version:
      - '2019-02-11'
      Strict-Transport-Security:
      - max-age=31556926; includeSubDomains; preload
    body:
      encoding: UTF-8
      string: |
        {
          "id": "tok_1FkNJqKB00tmjmIIAZqgqzUA",
          "object": "token",
          "card": {
            "id": "card_1FkNJqKB00tmjmII3BOZuyjQ",
            "object": "card",
            "address_city": null,
            "address_country": null,
            "address_line1": null,
            "address_line1_check": null,
            "address_line2": null,
            "address_state": null,
            "address_zip": null,
            "address_zip_check": null,
            "brand": "Visa",
            "country": "US",
            "cvc_check": "pass",
            "dynamic_last4": null,
            "exp_month": 12,
            "exp_year": 2022,
            "fingerprint": "E6Pd3bfp00SpSfRI",
            "funding": "credit",
            "last4": "4242",
            "metadata": {
            },
            "name": null,
            "tokenization_method": null
          },
          "client_ip": "96.232.200.190",
          "created": 1575087150,
          "livemode": false,
          "type": "card",
          "used": false
        }
    http_version: 
  recorded_at: Sat, 30 Nov 2019 04:12:30 GMT
- request:
    method: post
    uri: https://api.stripe.com/v1/customers
    body:
      encoding: UTF-8
      string: description=anton%40parisian.info+for+The+Who&source=tok_1FkNJqKB00tmjmIIAZqgqzUA
    headers:
      User-Agent:
      - Stripe/v1 RubyBindings/4.12.0
      Authorization:
      - Bearer sk_test_3RnBGRLSL1zbZa2ryzt82tjI
      Content-Type:
      - application/x-www-form-urlencoded
      X-Stripe-Client-User-Agent:
      - '{"bindings_version":"4.12.0","lang":"ruby","lang_version":"2.5.3 p105 (2018-10-18)","platform":"x86_64-linux","engine":"ruby","publisher":"stripe","uname":"Linux
        version 5.0.0-36-generic (buildd@lgw01-amd64-060) (gcc version 7.4.0 (Ubuntu
        7.4.0-1ubuntu1~18.04.1)) #39~18.04.1-Ubuntu SMP Tue Nov 12 11:09:50 UTC 2019","hostname":"x250"}'
      Stripe-Account:
      - acct_1FA1TnKB00tmjmII
      Accept-Encoding:
      - gzip;q=1.0,deflate;q=0.6,identity;q=0.3
      Accept:
      - "*/*"
      Connection:
      - keep-alive
      Keep-Alive:
      - '30'
  response:
    status:
      code: 200
      message: OK
    headers:
      Server:
      - nginx
      Date:
      - Sat, 30 Nov 2019 04:12:31 GMT
      Content-Type:
      - application/json
      Content-Length:
      - '1909'
      Connection:
      - keep-alive
      Access-Control-Allow-Credentials:
      - 'true'
      Access-Control-Allow-Methods:
      - GET, POST, HEAD, OPTIONS, DELETE
      Access-Control-Allow-Origin:
      - "*"
      Access-Control-Expose-Headers:
      - Request-Id, Stripe-Manage-Version, X-Stripe-External-Auth-Required, X-Stripe-Privileged-Session-Required
      Access-Control-Max-Age:
      - '300'
      Cache-Control:
      - no-cache, no-store
      Request-Id:
      - req_YhYZLoSwqVBOoq
      Stripe-Account:
      - acct_1FA1TnKB00tmjmII
      Stripe-Version:
      - '2019-02-11'
      Strict-Transport-Security:
      - max-age=31556926; includeSubDomains; preload
    body:
      encoding: UTF-8
      string: |
        {
          "id": "cus_GGvAy46TQVMrX1",
          "object": "customer",
          "account_balance": 0,
          "address": null,
          "balance": 0,
          "created": 1575087150,
          "currency": null,
          "default_source": "card_1FkNJqKB00tmjmII3BOZuyjQ",
          "delinquent": false,
          "description": "anton@parisian.info for The Who",
          "discount": null,
          "email": null,
          "invoice_prefix": "E15F6F81",
          "invoice_settings": {
            "custom_fields": null,
            "default_payment_method": null,
            "footer": null
          },
          "livemode": false,
          "metadata": {
          },
          "name": null,
          "phone": null,
          "preferred_locales": [

          ],
          "shipping": null,
          "sources": {
            "object": "list",
            "data": [
              {
                "id": "card_1FkNJqKB00tmjmII3BOZuyjQ",
                "object": "card",
                "address_city": null,
                "address_country": null,
                "address_line1": null,
                "address_line1_check": null,
                "address_line2": null,
                "address_state": null,
                "address_zip": null,
                "address_zip_check": null,
                "brand": "Visa",
                "country": "US",
                "customer": "cus_GGvAy46TQVMrX1",
                "cvc_check": "pass",
                "dynamic_last4": null,
                "exp_month": 12,
                "exp_year": 2022,
                "fingerprint": "E6Pd3bfp00SpSfRI",
                "funding": "credit",
                "last4": "4242",
                "metadata": {
                },
                "name": null,
                "tokenization_method": null
              }
            ],
            "has_more": false,
            "total_count": 1,
            "url": "/v1/customers/cus_GGvAy46TQVMrX1/sources"
          },
          "subscriptions": {
            "object": "list",
            "data": [

            ],
            "has_more": false,
            "total_count": 0,
            "url": "/v1/customers/cus_GGvAy46TQVMrX1/subscriptions"
          },
          "tax_exempt": "none",
          "tax_ids": {
            "object": "list",
            "data": [

            ],
            "has_more": false,
            "total_count": 0,
            "url": "/v1/customers/cus_GGvAy46TQVMrX1/tax_ids"
          },
          "tax_info": null,
          "tax_info_verification": null
        }
    http_version: 
  recorded_at: Sat, 30 Nov 2019 04:12:31 GMT
- request:
    method: post
    uri: https://api.stripe.com/v1/subscriptions
    body:
      encoding: UTF-8
      string: customer=cus_GGvAy46TQVMrX1&plan=plan_GGvA0laBnKm4kD&expand[0]=latest_invoice.payment_intent&application_fee_percent=13.24
    headers:
      User-Agent:
      - Stripe/v1 RubyBindings/4.12.0
      Authorization:
      - Bearer sk_test_3RnBGRLSL1zbZa2ryzt82tjI
      Content-Type:
      - application/x-www-form-urlencoded
      X-Stripe-Client-User-Agent:
      - '{"bindings_version":"4.12.0","lang":"ruby","lang_version":"2.5.3 p105 (2018-10-18)","platform":"x86_64-linux","engine":"ruby","publisher":"stripe","uname":"Linux
        version 5.0.0-36-generic (buildd@lgw01-amd64-060) (gcc version 7.4.0 (Ubuntu
        7.4.0-1ubuntu1~18.04.1)) #39~18.04.1-Ubuntu SMP Tue Nov 12 11:09:50 UTC 2019","hostname":"x250"}'
      Stripe-Account:
      - acct_1FA1TnKB00tmjmII
      Accept-Encoding:
      - gzip;q=1.0,deflate;q=0.6,identity;q=0.3
      Accept:
      - "*/*"
      Connection:
      - keep-alive
      Keep-Alive:
      - '30'
  response:
    status:
      code: 200
      message: OK
    headers:
      Server:
      - nginx
      Date:
      - Sat, 30 Nov 2019 04:12:33 GMT
      Content-Type:
      - application/json
      Content-Length:
      - '12253'
      Connection:
      - keep-alive
      Access-Control-Allow-Credentials:
      - 'true'
      Access-Control-Allow-Methods:
      - GET, POST, HEAD, OPTIONS, DELETE
      Access-Control-Allow-Origin:
      - "*"
      Access-Control-Expose-Headers:
      - Request-Id, Stripe-Manage-Version, X-Stripe-External-Auth-Required, X-Stripe-Privileged-Session-Required
      Access-Control-Max-Age:
      - '300'
      Cache-Control:
      - no-cache, no-store
      Request-Id:
      - req_kfqzGHpknaIWSU
      Stripe-Account:
      - acct_1FA1TnKB00tmjmII
      Stripe-Version:
      - '2019-02-11'
      Strict-Transport-Security:
      - max-age=31556926; includeSubDomains; preload
    body:
      encoding: ASCII-8BIT
      string: !binary |-
        ewogICJpZCI6ICJzdWJfR0d2QTVFY0lzZzRKa2ciLAogICJvYmplY3QiOiAic3Vic2NyaXB0aW9uIiwKICAiYXBwbGljYXRpb25fZmVlX3BlcmNlbnQiOiAxMy4yNCwKICAiYmlsbGluZyI6ICJjaGFyZ2VfYXV0b21hdGljYWxseSIsCiAgImJpbGxpbmdfY3ljbGVfYW5jaG9yIjogMTU3NTA4NzE1MSwKICAiYmlsbGluZ190aHJlc2hvbGRzIjogbnVsbCwKICAiY2FuY2VsX2F0IjogbnVsbCwKICAiY2FuY2VsX2F0X3BlcmlvZF9lbmQiOiBmYWxzZSwKICAiY2FuY2VsZWRfYXQiOiBudWxsLAogICJjb2xsZWN0aW9uX21ldGhvZCI6ICJjaGFyZ2VfYXV0b21hdGljYWxseSIsCiAgImNyZWF0ZWQiOiAxNTc1MDg3MTUxLAogICJjdXJyZW50X3BlcmlvZF9lbmQiOiAxNTc3Njc5MTUxLAogICJjdXJyZW50X3BlcmlvZF9zdGFydCI6IDE1NzUwODcxNTEsCiAgImN1c3RvbWVyIjogImN1c19HR3ZBeTQ2VFFWTXJYMSIsCiAgImRheXNfdW50aWxfZHVlIjogbnVsbCwKICAiZGVmYXVsdF9wYXltZW50X21ldGhvZCI6IG51bGwsCiAgImRlZmF1bHRfc291cmNlIjogbnVsbCwKICAiZGVmYXVsdF90YXhfcmF0ZXMiOiBbCgogIF0sCiAgImRpc2NvdW50IjogbnVsbCwKICAiZW5kZWRfYXQiOiBudWxsLAogICJpbnZvaWNlX2N1c3RvbWVyX2JhbGFuY2Vfc2V0dGluZ3MiOiB7CiAgICAiY29uc3VtZV9hcHBsaWVkX2JhbGFuY2Vfb25fdm9pZCI6IHRydWUKICB9LAogICJpdGVtcyI6IHsKICAgICJvYmplY3QiOiAibGlzdCIsCiAgICAiZGF0YSI6IFsKICAgICAgewogICAgICAgICJpZCI6ICJzaV9HR3ZBYUVSTjZzSGs5bSIsCiAgICAgICAgIm9iamVjdCI6ICJzdWJzY3JpcHRpb25faXRlbSIsCiAgICAgICAgImJpbGxpbmdfdGhyZXNob2xkcyI6IG51bGwsCiAgICAgICAgImNyZWF0ZWQiOiAxNTc1MDg3MTUxLAogICAgICAgICJtZXRhZGF0YSI6IHsKICAgICAgICB9LAogICAgICAgICJwbGFuIjogewogICAgICAgICAgImlkIjogInBsYW5fR0d2QTBsYUJuS200a0QiLAogICAgICAgICAgIm9iamVjdCI6ICJwbGFuIiwKICAgICAgICAgICJhY3RpdmUiOiB0cnVlLAogICAgICAgICAgImFnZ3JlZ2F0ZV91c2FnZSI6IG51bGwsCiAgICAgICAgICAiYW1vdW50IjogMTAzMzAsCiAgICAgICAgICAiYW1vdW50X2RlY2ltYWwiOiAiMTAzMzAiLAogICAgICAgICAgImJpbGxpbmdfc2NoZW1lIjogInBlcl91bml0IiwKICAgICAgICAgICJjcmVhdGVkIjogMTU3NTA4NzE1MCwKICAgICAgICAgICJjdXJyZW5jeSI6ICJ1c2QiLAogICAgICAgICAgImludGVydmFsIjogIm1vbnRoIiwKICAgICAgICAgICJpbnRlcnZhbF9jb3VudCI6IDEsCiAgICAgICAgICAibGl2ZW1vZGUiOiBmYWxzZSwKICAgICAgICAgICJtZXRhZGF0YSI6IHsKICAgICAgICAgIH0sCiAgICAgICAgICAibmlja25hbWUiOiAiQW1wbGVkIFN1cHBvcnQgJDUiLAogICAgICAgICAgInByb2R1Y3QiOiAicHJvZF9HR3ZBanQxQzZYcHRQUSIsCiAgICAgICAgICAidGllcnMiOiBudWxsLAogICAgICAgICAgInRpZXJzX21vZGUiOiBudWxsLAogICAgICAgICAgInRyYW5zZm9ybV91c2FnZSI6IG51bGwsCiAgICAgICAgICAidHJpYWxfcGVyaW9kX2RheXMiOiBudWxsLAogICAgICAgICAgInVzYWdlX3R5cGUiOiAibGljZW5zZWQiCiAgICAgICAgfSwKICAgICAgICAicXVhbnRpdHkiOiAxLAogICAgICAgICJzdWJzY3JpcHRpb24iOiAic3ViX0dHdkE1RWNJc2c0SmtnIiwKICAgICAgICAidGF4X3JhdGVzIjogWwoKICAgICAgICBdCiAgICAgIH0KICAgIF0sCiAgICAiaGFzX21vcmUiOiBmYWxzZSwKICAgICJ0b3RhbF9jb3VudCI6IDEsCiAgICAidXJsIjogIi92MS9zdWJzY3JpcHRpb25faXRlbXM/c3Vic2NyaXB0aW9uPXN1Yl9HR3ZBNUVjSXNnNEprZyIKICB9LAogICJsYXRlc3RfaW52b2ljZSI6IHsKICAgICJpZCI6ICJpbl8xRmtOSnJLQjAwdG1qbUlJQmVxaUtjVXMiLAogICAgIm9iamVjdCI6ICJpbnZvaWNlIiwKICAgICJhY2NvdW50X2NvdW50cnkiOiAiVVMiLAogICAgImFjY291bnRfbmFtZSI6ICJBdXN0aW5yb2JleSIsCiAgICAiYW1vdW50X2R1ZSI6IDEwMzMwLAogICAgImFtb3VudF9wYWlkIjogMTAzMzAsCiAgICAiYW1vdW50X3JlbWFpbmluZyI6IDAsCiAgICAiYXBwbGljYXRpb25fZmVlIjogMTM2OCwKICAgICJhdHRlbXB0X2NvdW50IjogMSwKICAgICJhdHRlbXB0ZWQiOiB0cnVlLAogICAgImF1dG9fYWR2YW5jZSI6IGZhbHNlLAogICAgImJpbGxpbmciOiAiY2hhcmdlX2F1dG9tYXRpY2FsbHkiLAogICAgImJpbGxpbmdfcmVhc29uIjogInN1YnNjcmlwdGlvbl9jcmVhdGUiLAogICAgImNoYXJnZSI6ICJjaF8xRmtOSnJLQjAwdG1qbUlJRWFjS05kcVQiLAogICAgImNvbGxlY3Rpb25fbWV0aG9kIjogImNoYXJnZV9hdXRvbWF0aWNhbGx5IiwKICAgICJjcmVhdGVkIjogMTU3NTA4NzE1MSwKICAgICJjdXJyZW5jeSI6ICJ1c2QiLAogICAgImN1c3RvbV9maWVsZHMiOiBudWxsLAogICAgImN1c3RvbWVyIjogImN1c19HR3ZBeTQ2VFFWTXJYMSIsCiAgICAiY3VzdG9tZXJfYWRkcmVzcyI6IG51bGwsCiAgICAiY3VzdG9tZXJfZW1haWwiOiBudWxsLAogICAgImN1c3RvbWVyX25hbWUiOiBudWxsLAogICAgImN1c3RvbWVyX3Bob25lIjogbnVsbCwKICAgICJjdXN0b21lcl9zaGlwcGluZyI6IG51bGwsCiAgICAiY3VzdG9tZXJfdGF4X2V4ZW1wdCI6ICJub25lIiwKICAgICJjdXN0b21lcl90YXhfaWRzIjogWwoKICAgIF0sCiAgICAiZGF0ZSI6IDE1NzUwODcxNTEsCiAgICAiZGVmYXVsdF9wYXltZW50X21ldGhvZCI6IG51bGwsCiAgICAiZGVmYXVsdF9zb3VyY2UiOiBudWxsLAogICAgImRlZmF1bHRfdGF4X3JhdGVzIjogWwoKICAgIF0sCiAgICAiZGVzY3JpcHRpb24iOiBudWxsLAogICAgImRpc2NvdW50IjogbnVsbCwKICAgICJkdWVfZGF0ZSI6IG51bGwsCiAgICAiZW5kaW5nX2JhbGFuY2UiOiAwLAogICAgImZpbmFsaXplZF9hdCI6IDE1NzUwODcxNTEsCiAgICAiZm9vdGVyIjogbnVsbCwKICAgICJob3N0ZWRfaW52b2ljZV91cmwiOiAiaHR0cHM6Ly9wYXkuc3RyaXBlLmNvbS9pbnZvaWNlL2ludnN0XzhIRWZGVWd3ZTFUZmRxYTBSVkZpZE40UnFOIiwKICAgICJpbnZvaWNlX3BkZiI6ICJodHRwczovL3BheS5zdHJpcGUuY29tL2ludm9pY2UvaW52c3RfOEhFZkZVZ3dlMVRmZHFhMFJWRmlkTjRScU4vcGRmIiwKICAgICJsaW5lcyI6IHsKICAgICAgIm9iamVjdCI6ICJsaXN0IiwKICAgICAgImRhdGEiOiBbCiAgICAgICAgewogICAgICAgICAgImlkIjogInNsaV81NmViNmU0MGFjZWM1NSIsCiAgICAgICAgICAib2JqZWN0IjogImxpbmVfaXRlbSIsCiAgICAgICAgICAiYW1vdW50IjogMTAzMzAsCiAgICAgICAgICAiY3VycmVuY3kiOiAidXNkIiwKICAgICAgICAgICJkZXNjcmlwdGlvbiI6ICIxIMOXIEFtcGxlZCBTdXBwb3J0IChhdCAkMTAzLjMwIC8gbW9udGgpIiwKICAgICAgICAgICJkaXNjb3VudGFibGUiOiB0cnVlLAogICAgICAgICAgImxpdmVtb2RlIjogZmFsc2UsCiAgICAgICAgICAibWV0YWRhdGEiOiB7CiAgICAgICAgICB9LAogICAgICAgICAgInBlcmlvZCI6IHsKICAgICAgICAgICAgImVuZCI6IDE1Nzc2NzkxNTEsCiAgICAgICAgICAgICJzdGFydCI6IDE1NzUwODcxNTEKICAgICAgICAgIH0sCiAgICAgICAgICAicGxhbiI6IHsKICAgICAgICAgICAgImlkIjogInBsYW5fR0d2QTBsYUJuS200a0QiLAogICAgICAgICAgICAib2JqZWN0IjogInBsYW4iLAogICAgICAgICAgICAiYWN0aXZlIjogdHJ1ZSwKICAgICAgICAgICAgImFnZ3JlZ2F0ZV91c2FnZSI6IG51bGwsCiAgICAgICAgICAgICJhbW91bnQiOiAxMDMzMCwKICAgICAgICAgICAgImFtb3VudF9kZWNpbWFsIjogIjEwMzMwIiwKICAgICAgICAgICAgImJpbGxpbmdfc2NoZW1lIjogInBlcl91bml0IiwKICAgICAgICAgICAgImNyZWF0ZWQiOiAxNTc1MDg3MTUwLAogICAgICAgICAgICAiY3VycmVuY3kiOiAidXNkIiwKICAgICAgICAgICAgImludGVydmFsIjogIm1vbnRoIiwKICAgICAgICAgICAgImludGVydmFsX2NvdW50IjogMSwKICAgICAgICAgICAgImxpdmVtb2RlIjogZmFsc2UsCiAgICAgICAgICAgICJtZXRhZGF0YSI6IHsKICAgICAgICAgICAgfSwKICAgICAgICAgICAgIm5pY2tuYW1lIjogIkFtcGxlZCBTdXBwb3J0ICQ1IiwKICAgICAgICAgICAgInByb2R1Y3QiOiAicHJvZF9HR3ZBanQxQzZYcHRQUSIsCiAgICAgICAgICAgICJ0aWVycyI6IG51bGwsCiAgICAgICAgICAgICJ0aWVyc19tb2RlIjogbnVsbCwKICAgICAgICAgICAgInRyYW5zZm9ybV91c2FnZSI6IG51bGwsCiAgICAgICAgICAgICJ0cmlhbF9wZXJpb2RfZGF5cyI6IG51bGwsCiAgICAgICAgICAgICJ1c2FnZV90eXBlIjogImxpY2Vuc2VkIgogICAgICAgICAgfSwKICAgICAgICAgICJwcm9yYXRpb24iOiBmYWxzZSwKICAgICAgICAgICJxdWFudGl0eSI6IDEsCiAgICAgICAgICAic3Vic2NyaXB0aW9uIjogInN1Yl9HR3ZBNUVjSXNnNEprZyIsCiAgICAgICAgICAic3Vic2NyaXB0aW9uX2l0ZW0iOiAic2lfR0d2QWFFUk42c0hrOW0iLAogICAgICAgICAgInRheF9hbW91bnRzIjogWwoKICAgICAgICAgIF0sCiAgICAgICAgICAidGF4X3JhdGVzIjogWwoKICAgICAgICAgIF0sCiAgICAgICAgICAidHlwZSI6ICJzdWJzY3JpcHRpb24iCiAgICAgICAgfQogICAgICBdLAogICAgICAiaGFzX21vcmUiOiBmYWxzZSwKICAgICAgInRvdGFsX2NvdW50IjogMSwKICAgICAgInVybCI6ICIvdjEvaW52b2ljZXMvaW5fMUZrTkpyS0IwMHRtam1JSUJlcWlLY1VzL2xpbmVzIgogICAgfSwKICAgICJsaXZlbW9kZSI6IGZhbHNlLAogICAgIm1ldGFkYXRhIjogewogICAgfSwKICAgICJuZXh0X3BheW1lbnRfYXR0ZW1wdCI6IG51bGwsCiAgICAibnVtYmVyIjogIkUxNUY2RjgxLTAwMDEiLAogICAgInBhaWQiOiB0cnVlLAogICAgInBheW1lbnRfaW50ZW50IjogewogICAgICAiaWQiOiAicGlfMUZrTkpyS0IwMHRtam1JSWpDUDJlVXdBIiwKICAgICAgIm9iamVjdCI6ICJwYXltZW50X2ludGVudCIsCiAgICAgICJhbW91bnQiOiAxMDMzMCwKICAgICAgImFtb3VudF9jYXB0dXJhYmxlIjogMCwKICAgICAgImFtb3VudF9yZWNlaXZlZCI6IDEwMzMwLAogICAgICAiYXBwbGljYXRpb24iOiAiY2FfRlBWZm51TTJiUmR3T1Nsa2llRjJ2YWE3RW5adFlDcHQiLAogICAgICAiYXBwbGljYXRpb25fZmVlX2Ftb3VudCI6IDEzNjgsCiAgICAgICJjYW5jZWxlZF9hdCI6IG51bGwsCiAgICAgICJjYW5jZWxsYXRpb25fcmVhc29uIjogbnVsbCwKICAgICAgImNhcHR1cmVfbWV0aG9kIjogImF1dG9tYXRpYyIsCiAgICAgICJjaGFyZ2VzIjogewogICAgICAgICJvYmplY3QiOiAibGlzdCIsCiAgICAgICAgImRhdGEiOiBbCiAgICAgICAgICB7CiAgICAgICAgICAgICJpZCI6ICJjaF8xRmtOSnJLQjAwdG1qbUlJRWFjS05kcVQiLAogICAgICAgICAgICAib2JqZWN0IjogImNoYXJnZSIsCiAgICAgICAgICAgICJhbW91bnQiOiAxMDMzMCwKICAgICAgICAgICAgImFtb3VudF9yZWZ1bmRlZCI6IDAsCiAgICAgICAgICAgICJhcHBsaWNhdGlvbiI6ICJjYV9GUFZmbnVNMmJSZHdPU2xraWVGMnZhYTdFblp0WUNwdCIsCiAgICAgICAgICAgICJhcHBsaWNhdGlvbl9mZWUiOiAiZmVlXzFGa05Kc0tCMDB0bWptSUlJTGk5MHZQcyIsCiAgICAgICAgICAgICJhcHBsaWNhdGlvbl9mZWVfYW1vdW50IjogMTM2OCwKICAgICAgICAgICAgImJhbGFuY2VfdHJhbnNhY3Rpb24iOiAidHhuXzFGa05Kc0tCMDB0bWptSUl2NkFndmF3TSIsCiAgICAgICAgICAgICJiaWxsaW5nX2RldGFpbHMiOiB7CiAgICAgICAgICAgICAgImFkZHJlc3MiOiB7CiAgICAgICAgICAgICAgICAiY2l0eSI6IG51bGwsCiAgICAgICAgICAgICAgICAiY291bnRyeSI6IG51bGwsCiAgICAgICAgICAgICAgICAibGluZTEiOiBudWxsLAogICAgICAgICAgICAgICAgImxpbmUyIjogbnVsbCwKICAgICAgICAgICAgICAgICJwb3N0YWxfY29kZSI6IG51bGwsCiAgICAgICAgICAgICAgICAic3RhdGUiOiBudWxsCiAgICAgICAgICAgICAgfSwKICAgICAgICAgICAgICAiZW1haWwiOiBudWxsLAogICAgICAgICAgICAgICJuYW1lIjogbnVsbCwKICAgICAgICAgICAgICAicGhvbmUiOiBudWxsCiAgICAgICAgICAgIH0sCiAgICAgICAgICAgICJjYXB0dXJlZCI6IHRydWUsCiAgICAgICAgICAgICJjcmVhdGVkIjogMTU3NTA4NzE1MSwKICAgICAgICAgICAgImN1cnJlbmN5IjogInVzZCIsCiAgICAgICAgICAgICJjdXN0b21lciI6ICJjdXNfR0d2QXk0NlRRVk1yWDEiLAogICAgICAgICAgICAiZGVzY3JpcHRpb24iOiAiU3Vic2NyaXB0aW9uIGNyZWF0aW9uIiwKICAgICAgICAgICAgImRlc3RpbmF0aW9uIjogbnVsbCwKICAgICAgICAgICAgImRpc3B1dGUiOiBudWxsLAogICAgICAgICAgICAiZGlzcHV0ZWQiOiBmYWxzZSwKICAgICAgICAgICAgImZhaWx1cmVfY29kZSI6IG51bGwsCiAgICAgICAgICAgICJmYWlsdXJlX21lc3NhZ2UiOiBudWxsLAogICAgICAgICAgICAiZnJhdWRfZGV0YWlscyI6IHsKICAgICAgICAgICAgfSwKICAgICAgICAgICAgImludm9pY2UiOiAiaW5fMUZrTkpyS0IwMHRtam1JSUJlcWlLY1VzIiwKICAgICAgICAgICAgImxpdmVtb2RlIjogZmFsc2UsCiAgICAgICAgICAgICJtZXRhZGF0YSI6IHsKICAgICAgICAgICAgfSwKICAgICAgICAgICAgIm9uX2JlaGFsZl9vZiI6IG51bGwsCiAgICAgICAgICAgICJvcmRlciI6IG51bGwsCiAgICAgICAgICAgICJvdXRjb21lIjogewogICAgICAgICAgICAgICJuZXR3b3JrX3N0YXR1cyI6ICJhcHByb3ZlZF9ieV9uZXR3b3JrIiwKICAgICAgICAgICAgICAicmVhc29uIjogbnVsbCwKICAgICAgICAgICAgICAicmlza19sZXZlbCI6ICJub3JtYWwiLAogICAgICAgICAgICAgICJyaXNrX3Njb3JlIjogMTAsCiAgICAgICAgICAgICAgInNlbGxlcl9tZXNzYWdlIjogIlBheW1lbnQgY29tcGxldGUuIiwKICAgICAgICAgICAgICAidHlwZSI6ICJhdXRob3JpemVkIgogICAgICAgICAgICB9LAogICAgICAgICAgICAicGFpZCI6IHRydWUsCiAgICAgICAgICAgICJwYXltZW50X2ludGVudCI6ICJwaV8xRmtOSnJLQjAwdG1qbUlJakNQMmVVd0EiLAogICAgICAgICAgICAicGF5bWVudF9tZXRob2QiOiAiY2FyZF8xRmtOSnFLQjAwdG1qbUlJM0JPWnV5alEiLAogICAgICAgICAgICAicGF5bWVudF9tZXRob2RfZGV0YWlscyI6IHsKICAgICAgICAgICAgICAiY2FyZCI6IHsKICAgICAgICAgICAgICAgICJicmFuZCI6ICJ2aXNhIiwKICAgICAgICAgICAgICAgICJjaGVja3MiOiB7CiAgICAgICAgICAgICAgICAgICJhZGRyZXNzX2xpbmUxX2NoZWNrIjogbnVsbCwKICAgICAgICAgICAgICAgICAgImFkZHJlc3NfcG9zdGFsX2NvZGVfY2hlY2siOiBudWxsLAogICAgICAgICAgICAgICAgICAiY3ZjX2NoZWNrIjogbnVsbAogICAgICAgICAgICAgICAgfSwKICAgICAgICAgICAgICAgICJjb3VudHJ5IjogIlVTIiwKICAgICAgICAgICAgICAgICJleHBfbW9udGgiOiAxMiwKICAgICAgICAgICAgICAgICJleHBfeWVhciI6IDIwMjIsCiAgICAgICAgICAgICAgICAiZmluZ2VycHJpbnQiOiAiRTZQZDNiZnAwMFNwU2ZSSSIsCiAgICAgICAgICAgICAgICAiZnVuZGluZyI6ICJjcmVkaXQiLAogICAgICAgICAgICAgICAgImluc3RhbGxtZW50cyI6IG51bGwsCiAgICAgICAgICAgICAgICAibGFzdDQiOiAiNDI0MiIsCiAgICAgICAgICAgICAgICAibmV0d29yayI6ICJ2aXNhIiwKICAgICAgICAgICAgICAgICJ0aHJlZV9kX3NlY3VyZSI6IG51bGwsCiAgICAgICAgICAgICAgICAid2FsbGV0IjogbnVsbAogICAgICAgICAgICAgIH0sCiAgICAgICAgICAgICAgInR5cGUiOiAiY2FyZCIKICAgICAgICAgICAgfSwKICAgICAgICAgICAgInJlY2VpcHRfZW1haWwiOiBudWxsLAogICAgICAgICAgICAicmVjZWlwdF9udW1iZXIiOiBudWxsLAogICAgICAgICAgICAicmVjZWlwdF91cmwiOiAiaHR0cHM6Ly9wYXkuc3RyaXBlLmNvbS9yZWNlaXB0cy9hY2N0XzFGQTFUbktCMDB0bWptSUkvY2hfMUZrTkpyS0IwMHRtam1JSUVhY0tOZHFUL3JjcHRfR0d2QVNqZ2x2ZW5VWGhPVHM1S0FUMVhJbUlQeTVDRyIsCiAgICAgICAgICAgICJyZWZ1bmRlZCI6IGZhbHNlLAogICAgICAgICAgICAicmVmdW5kcyI6IHsKICAgICAgICAgICAgICAib2JqZWN0IjogImxpc3QiLAogICAgICAgICAgICAgICJkYXRhIjogWwoKICAgICAgICAgICAgICBdLAogICAgICAgICAgICAgICJoYXNfbW9yZSI6IGZhbHNlLAogICAgICAgICAgICAgICJ0b3RhbF9jb3VudCI6IDAsCiAgICAgICAgICAgICAgInVybCI6ICIvdjEvY2hhcmdlcy9jaF8xRmtOSnJLQjAwdG1qbUlJRWFjS05kcVQvcmVmdW5kcyIKICAgICAgICAgICAgfSwKICAgICAgICAgICAgInJldmlldyI6IG51bGwsCiAgICAgICAgICAgICJzaGlwcGluZyI6IG51bGwsCiAgICAgICAgICAgICJzb3VyY2UiOiB7CiAgICAgICAgICAgICAgImlkIjogImNhcmRfMUZrTkpxS0IwMHRtam1JSTNCT1p1eWpRIiwKICAgICAgICAgICAgICAib2JqZWN0IjogImNhcmQiLAogICAgICAgICAgICAgICJhZGRyZXNzX2NpdHkiOiBudWxsLAogICAgICAgICAgICAgICJhZGRyZXNzX2NvdW50cnkiOiBudWxsLAogICAgICAgICAgICAgICJhZGRyZXNzX2xpbmUxIjogbnVsbCwKICAgICAgICAgICAgICAiYWRkcmVzc19saW5lMV9jaGVjayI6IG51bGwsCiAgICAgICAgICAgICAgImFkZHJlc3NfbGluZTIiOiBudWxsLAogICAgICAgICAgICAgICJhZGRyZXNzX3N0YXRlIjogbnVsbCwKICAgICAgICAgICAgICAiYWRkcmVzc196aXAiOiBudWxsLAogICAgICAgICAgICAgICJhZGRyZXNzX3ppcF9jaGVjayI6IG51bGwsCiAgICAgICAgICAgICAgImJyYW5kIjogIlZpc2EiLAogICAgICAgICAgICAgICJjb3VudHJ5IjogIlVTIiwKICAgICAgICAgICAgICAiY3VzdG9tZXIiOiAiY3VzX0dHdkF5NDZUUVZNclgxIiwKICAgICAgICAgICAgICAiY3ZjX2NoZWNrIjogbnVsbCwKICAgICAgICAgICAgICAiZHluYW1pY19sYXN0NCI6IG51bGwsCiAgICAgICAgICAgICAgImV4cF9tb250aCI6IDEyLAogICAgICAgICAgICAgICJleHBfeWVhciI6IDIwMjIsCiAgICAgICAgICAgICAgImZpbmdlcnByaW50IjogIkU2UGQzYmZwMDBTcFNmUkkiLAogICAgICAgICAgICAgICJmdW5kaW5nIjogImNyZWRpdCIsCiAgICAgICAgICAgICAgImxhc3Q0IjogIjQyNDIiLAogICAgICAgICAgICAgICJtZXRhZGF0YSI6IHsKICAgICAgICAgICAgICB9LAogICAgICAgICAgICAgICJuYW1lIjogbnVsbCwKICAgICAgICAgICAgICAidG9rZW5pemF0aW9uX21ldGhvZCI6IG51bGwKICAgICAgICAgICAgfSwKICAgICAgICAgICAgInNvdXJjZV90cmFuc2ZlciI6IG51bGwsCiAgICAgICAgICAgICJzdGF0ZW1lbnRfZGVzY3JpcHRvciI6IG51bGwsCiAgICAgICAgICAgICJzdGF0ZW1lbnRfZGVzY3JpcHRvcl9zdWZmaXgiOiBudWxsLAogICAgICAgICAgICAic3RhdHVzIjogInN1Y2NlZWRlZCIsCiAgICAgICAgICAgICJ0cmFuc2Zlcl9kYXRhIjogbnVsbCwKICAgICAgICAgICAgInRyYW5zZmVyX2dyb3VwIjogbnVsbAogICAgICAgICAgfQogICAgICAgIF0sCiAgICAgICAgImhhc19tb3JlIjogZmFsc2UsCiAgICAgICAgInRvdGFsX2NvdW50IjogMSwKICAgICAgICAidXJsIjogIi92MS9jaGFyZ2VzP3BheW1lbnRfaW50ZW50PXBpXzFGa05KcktCMDB0bWptSUlqQ1AyZVV3QSIKICAgICAgfSwKICAgICAgImNsaWVudF9zZWNyZXQiOiAicGlfMUZrTkpyS0IwMHRtam1JSWpDUDJlVXdBX3NlY3JldF9lRHNOSHdhcU1lTFFjZVFmWDhsSmNOWnc2IiwKICAgICAgImNvbmZpcm1hdGlvbl9tZXRob2QiOiAiYXV0b21hdGljIiwKICAgICAgImNyZWF0ZWQiOiAxNTc1MDg3MTUxLAogICAgICAiY3VycmVuY3kiOiAidXNkIiwKICAgICAgImN1c3RvbWVyIjogImN1c19HR3ZBeTQ2VFFWTXJYMSIsCiAgICAgICJkZXNjcmlwdGlvbiI6ICJTdWJzY3JpcHRpb24gY3JlYXRpb24iLAogICAgICAiaW52b2ljZSI6ICJpbl8xRmtOSnJLQjAwdG1qbUlJQmVxaUtjVXMiLAogICAgICAibGFzdF9wYXltZW50X2Vycm9yIjogbnVsbCwKICAgICAgImxpdmVtb2RlIjogZmFsc2UsCiAgICAgICJtZXRhZGF0YSI6IHsKICAgICAgfSwKICAgICAgIm5leHRfYWN0aW9uIjogbnVsbCwKICAgICAgIm9uX2JlaGFsZl9vZiI6IG51bGwsCiAgICAgICJwYXltZW50X21ldGhvZCI6IG51bGwsCiAgICAgICJwYXltZW50X21ldGhvZF9vcHRpb25zIjogewogICAgICAgICJjYXJkIjogewogICAgICAgICAgImluc3RhbGxtZW50cyI6IG51bGwsCiAgICAgICAgICAicmVxdWVzdF90aHJlZV9kX3NlY3VyZSI6ICJhdXRvbWF0aWMiCiAgICAgICAgfQogICAgICB9LAogICAgICAicGF5bWVudF9tZXRob2RfdHlwZXMiOiBbCiAgICAgICAgImNhcmQiCiAgICAgIF0sCiAgICAgICJyZWNlaXB0X2VtYWlsIjogbnVsbCwKICAgICAgInJldmlldyI6IG51bGwsCiAgICAgICJzZXR1cF9mdXR1cmVfdXNhZ2UiOiAib2ZmX3Nlc3Npb24iLAogICAgICAic2hpcHBpbmciOiBudWxsLAogICAgICAic291cmNlIjogImNhcmRfMUZrTkpxS0IwMHRtam1JSTNCT1p1eWpRIiwKICAgICAgInN0YXRlbWVudF9kZXNjcmlwdG9yIjogbnVsbCwKICAgICAgInN0YXRlbWVudF9kZXNjcmlwdG9yX3N1ZmZpeCI6IG51bGwsCiAgICAgICJzdGF0dXMiOiAic3VjY2VlZGVkIiwKICAgICAgInRyYW5zZmVyX2RhdGEiOiBudWxsLAogICAgICAidHJhbnNmZXJfZ3JvdXAiOiBudWxsCiAgICB9LAogICAgInBlcmlvZF9lbmQiOiAxNTc1MDg3MTUxLAogICAgInBlcmlvZF9zdGFydCI6IDE1NzUwODcxNTEsCiAgICAicG9zdF9wYXltZW50X2NyZWRpdF9ub3Rlc19hbW91bnQiOiAwLAogICAgInByZV9wYXltZW50X2NyZWRpdF9ub3Rlc19hbW91bnQiOiAwLAogICAgInJlY2VpcHRfbnVtYmVyIjogbnVsbCwKICAgICJzdGFydGluZ19iYWxhbmNlIjogMCwKICAgICJzdGF0ZW1lbnRfZGVzY3JpcHRvciI6IG51bGwsCiAgICAic3RhdHVzIjogInBhaWQiLAogICAgInN0YXR1c190cmFuc2l0aW9ucyI6IHsKICAgICAgImZpbmFsaXplZF9hdCI6IDE1NzUwODcxNTEsCiAgICAgICJtYXJrZWRfdW5jb2xsZWN0aWJsZV9hdCI6IG51bGwsCiAgICAgICJwYWlkX2F0IjogMTU3NTA4NzE1MiwKICAgICAgInZvaWRlZF9hdCI6IG51bGwKICAgIH0sCiAgICAic3Vic2NyaXB0aW9uIjogInN1Yl9HR3ZBNUVjSXNnNEprZyIsCiAgICAic3VidG90YWwiOiAxMDMzMCwKICAgICJ0YXgiOiBudWxsLAogICAgInRheF9wZXJjZW50IjogbnVsbCwKICAgICJ0b3RhbCI6IDEwMzMwLAogICAgInRvdGFsX3RheF9hbW91bnRzIjogWwoKICAgIF0sCiAgICAid2ViaG9va3NfZGVsaXZlcmVkX2F0IjogbnVsbAogIH0sCiAgImxpdmVtb2RlIjogZmFsc2UsCiAgIm1ldGFkYXRhIjogewogIH0sCiAgIm5leHRfcGVuZGluZ19pbnZvaWNlX2l0ZW1faW52b2ljZSI6IG51bGwsCiAgInBlbmRpbmdfaW52b2ljZV9pdGVtX2ludGVydmFsIjogbnVsbCwKICAicGVuZGluZ19zZXR1cF9pbnRlbnQiOiBudWxsLAogICJwbGFuIjogewogICAgImlkIjogInBsYW5fR0d2QTBsYUJuS200a0QiLAogICAgIm9iamVjdCI6ICJwbGFuIiwKICAgICJhY3RpdmUiOiB0cnVlLAogICAgImFnZ3JlZ2F0ZV91c2FnZSI6IG51bGwsCiAgICAiYW1vdW50IjogMTAzMzAsCiAgICAiYW1vdW50X2RlY2ltYWwiOiAiMTAzMzAiLAogICAgImJpbGxpbmdfc2NoZW1lIjogInBlcl91bml0IiwKICAgICJjcmVhdGVkIjogMTU3NTA4NzE1MCwKICAgICJjdXJyZW5jeSI6ICJ1c2QiLAogICAgImludGVydmFsIjogIm1vbnRoIiwKICAgICJpbnRlcnZhbF9jb3VudCI6IDEsCiAgICAibGl2ZW1vZGUiOiBmYWxzZSwKICAgICJtZXRhZGF0YSI6IHsKICAgIH0sCiAgICAibmlja25hbWUiOiAiQW1wbGVkIFN1cHBvcnQgJDUiLAogICAgInByb2R1Y3QiOiAicHJvZF9HR3ZBanQxQzZYcHRQUSIsCiAgICAidGllcnMiOiBudWxsLAogICAgInRpZXJzX21vZGUiOiBudWxsLAogICAgInRyYW5zZm9ybV91c2FnZSI6IG51bGwsCiAgICAidHJpYWxfcGVyaW9kX2RheXMiOiBudWxsLAogICAgInVzYWdlX3R5cGUiOiAibGljZW5zZWQiCiAgfSwKICAicXVhbnRpdHkiOiAxLAogICJzY2hlZHVsZSI6IG51bGwsCiAgInN0YXJ0IjogMTU3NTA4NzE1MSwKICAic3RhcnRfZGF0ZSI6IDE1NzUwODcxNTEsCiAgInN0YXR1cyI6ICJhY3RpdmUiLAogICJ0YXhfcGVyY2VudCI6IG51bGwsCiAgInRyaWFsX2VuZCI6IG51bGwsCiAgInRyaWFsX3N0YXJ0IjogbnVsbAp9Cg==
    http_version: 
  recorded_at: Sat, 30 Nov 2019 04:12:33 GMT
- request:
    method: get
    uri: https://api.stripe.com/v1/customers/cus_FfMNyx9ktbGwnx
    body:
      encoding: US-ASCII
      string: ''
    headers:
      User-Agent:
      - Stripe/v1 RubyBindings/4.12.0
      Authorization:
      - Bearer sk_test_3RnBGRLSL1zbZa2ryzt82tjI
      Content-Type:
      - application/x-www-form-urlencoded
      X-Stripe-Client-User-Agent:
      - '{"bindings_version":"4.12.0","lang":"ruby","lang_version":"2.5.3 p105 (2018-10-18)","platform":"x86_64-linux","engine":"ruby","publisher":"stripe","uname":"Linux
        version 5.0.0-36-generic (buildd@lgw01-amd64-060) (gcc version 7.4.0 (Ubuntu
        7.4.0-1ubuntu1~18.04.1)) #39~18.04.1-Ubuntu SMP Tue Nov 12 11:09:50 UTC 2019","hostname":"x250"}'
      Accept-Encoding:
      - gzip;q=1.0,deflate;q=0.6,identity;q=0.3
      Accept:
      - "*/*"
      Connection:
      - keep-alive
      Keep-Alive:
      - '30'
  response:
    status:
      code: 200
      message: OK
    headers:
      Server:
      - nginx
      Date:
      - Sat, 30 Nov 2019 04:12:33 GMT
      Content-Type:
      - application/json
      Content-Length:
      - '1899'
      Connection:
      - keep-alive
      Access-Control-Allow-Credentials:
      - 'true'
      Access-Control-Allow-Methods:
      - GET, POST, HEAD, OPTIONS, DELETE
      Access-Control-Allow-Origin:
      - "*"
      Access-Control-Expose-Headers:
      - Request-Id, Stripe-Manage-Version, X-Stripe-External-Auth-Required, X-Stripe-Privileged-Session-Required
      Access-Control-Max-Age:
      - '300'
      Cache-Control:
      - no-cache, no-store
      Request-Id:
      - req_IQ0HKv5dgqL9dZ
      Stripe-Version:
      - '2019-02-11'
      Strict-Transport-Security:
      - max-age=31556926; includeSubDomains; preload
    body:
      encoding: UTF-8
      string: |
        {
          "id": "cus_FfMNyx9ktbGwnx",
          "object": "customer",
          "account_balance": 0,
          "address": null,
          "balance": 0,
          "created": 1566424043,
          "currency": null,
          "default_source": "card_1FA1eGCNj1cfz4PUMYukiMEl",
          "delinquent": false,
          "description": "ryanproject@gmail.com",
          "discount": null,
          "email": null,
          "invoice_prefix": "ABC864BF",
          "invoice_settings": {
            "custom_fields": null,
            "default_payment_method": null,
            "footer": null
          },
          "livemode": false,
          "metadata": {
          },
          "name": null,
          "phone": null,
          "preferred_locales": [

          ],
          "shipping": null,
          "sources": {
            "object": "list",
            "data": [
              {
                "id": "card_1FA1eGCNj1cfz4PUMYukiMEl",
                "object": "card",
                "address_city": null,
                "address_country": null,
                "address_line1": null,
                "address_line1_check": null,
                "address_line2": null,
                "address_state": null,
                "address_zip": null,
                "address_zip_check": null,
                "brand": "Visa",
                "country": "US",
                "customer": "cus_FfMNyx9ktbGwnx",
                "cvc_check": "pass",
                "dynamic_last4": null,
                "exp_month": 12,
                "exp_year": 2022,
                "fingerprint": "E6Pd3bfp00SpSfRI",
                "funding": "credit",
                "last4": "4242",
                "metadata": {
                },
                "name": null,
                "tokenization_method": null
              }
            ],
            "has_more": false,
            "total_count": 1,
            "url": "/v1/customers/cus_FfMNyx9ktbGwnx/sources"
          },
          "subscriptions": {
            "object": "list",
            "data": [

            ],
            "has_more": false,
            "total_count": 0,
            "url": "/v1/customers/cus_FfMNyx9ktbGwnx/subscriptions"
          },
          "tax_exempt": "none",
          "tax_ids": {
            "object": "list",
            "data": [

            ],
            "has_more": false,
            "total_count": 0,
            "url": "/v1/customers/cus_FfMNyx9ktbGwnx/tax_ids"
          },
          "tax_info": null,
          "tax_info_verification": null
        }
    http_version: 
  recorded_at: Sat, 30 Nov 2019 04:12:33 GMT
- request:
    method: get
    uri: https://api.stripe.com/v1/customers/cus_GGvAy46TQVMrX1
    body:
      encoding: US-ASCII
      string: ''
    headers:
      User-Agent:
      - Stripe/v1 RubyBindings/4.12.0
      Authorization:
      - Bearer sk_test_3RnBGRLSL1zbZa2ryzt82tjI
      Content-Type:
      - application/x-www-form-urlencoded
      X-Stripe-Client-User-Agent:
      - '{"bindings_version":"4.12.0","lang":"ruby","lang_version":"2.5.3 p105 (2018-10-18)","platform":"x86_64-linux","engine":"ruby","publisher":"stripe","uname":"Linux
        version 5.0.0-36-generic (buildd@lgw01-amd64-060) (gcc version 7.4.0 (Ubuntu
        7.4.0-1ubuntu1~18.04.1)) #39~18.04.1-Ubuntu SMP Tue Nov 12 11:09:50 UTC 2019","hostname":"x250"}'
      Stripe-Account:
      - acct_1FA1TnKB00tmjmII
      Accept-Encoding:
      - gzip;q=1.0,deflate;q=0.6,identity;q=0.3
      Accept:
      - "*/*"
      Connection:
      - keep-alive
      Keep-Alive:
      - '30'
  response:
    status:
      code: 200
      message: OK
    headers:
      Server:
      - nginx
      Date:
      - Sat, 30 Nov 2019 04:12:34 GMT
      Content-Type:
      - application/json
      Content-Length:
      - '5376'
      Connection:
      - keep-alive
      Access-Control-Allow-Credentials:
      - 'true'
      Access-Control-Allow-Methods:
      - GET, POST, HEAD, OPTIONS, DELETE
      Access-Control-Allow-Origin:
      - "*"
      Access-Control-Expose-Headers:
      - Request-Id, Stripe-Manage-Version, X-Stripe-External-Auth-Required, X-Stripe-Privileged-Session-Required
      Access-Control-Max-Age:
      - '300'
      Cache-Control:
      - no-cache, no-store
      Request-Id:
      - req_YhrDwAbgTahYp3
      Stripe-Account:
      - acct_1FA1TnKB00tmjmII
      Stripe-Version:
      - '2019-02-11'
      Strict-Transport-Security:
      - max-age=31556926; includeSubDomains; preload
    body:
      encoding: UTF-8
      string: |
        {
          "id": "cus_GGvAy46TQVMrX1",
          "object": "customer",
          "account_balance": 0,
          "address": null,
          "balance": 0,
          "created": 1575087150,
          "currency": "usd",
          "default_source": "card_1FkNJqKB00tmjmII3BOZuyjQ",
          "delinquent": false,
          "description": "anton@parisian.info for The Who",
          "discount": null,
          "email": null,
          "invoice_prefix": "E15F6F81",
          "invoice_settings": {
            "custom_fields": null,
            "default_payment_method": null,
            "footer": null
          },
          "livemode": false,
          "metadata": {
          },
          "name": null,
          "phone": null,
          "preferred_locales": [

          ],
          "shipping": null,
          "sources": {
            "object": "list",
            "data": [
              {
                "id": "card_1FkNJqKB00tmjmII3BOZuyjQ",
                "object": "card",
                "address_city": null,
                "address_country": null,
                "address_line1": null,
                "address_line1_check": null,
                "address_line2": null,
                "address_state": null,
                "address_zip": null,
                "address_zip_check": null,
                "brand": "Visa",
                "country": "US",
                "customer": "cus_GGvAy46TQVMrX1",
                "cvc_check": "pass",
                "dynamic_last4": null,
                "exp_month": 12,
                "exp_year": 2022,
                "fingerprint": "E6Pd3bfp00SpSfRI",
                "funding": "credit",
                "last4": "4242",
                "metadata": {
                },
                "name": null,
                "tokenization_method": null
              }
            ],
            "has_more": false,
            "total_count": 1,
            "url": "/v1/customers/cus_GGvAy46TQVMrX1/sources"
          },
          "subscriptions": {
            "object": "list",
            "data": [
              {
                "id": "sub_GGvA5EcIsg4Jkg",
                "object": "subscription",
                "application_fee_percent": 13.24,
                "billing": "charge_automatically",
                "billing_cycle_anchor": 1575087151,
                "billing_thresholds": null,
                "cancel_at": null,
                "cancel_at_period_end": false,
                "canceled_at": null,
                "collection_method": "charge_automatically",
                "created": 1575087151,
                "current_period_end": 1577679151,
                "current_period_start": 1575087151,
                "customer": "cus_GGvAy46TQVMrX1",
                "days_until_due": null,
                "default_payment_method": null,
                "default_source": null,
                "default_tax_rates": [

                ],
                "discount": null,
                "ended_at": null,
                "invoice_customer_balance_settings": {
                  "consume_applied_balance_on_void": true
                },
                "items": {
                  "object": "list",
                  "data": [
                    {
                      "id": "si_GGvAaERN6sHk9m",
                      "object": "subscription_item",
                      "billing_thresholds": null,
                      "created": 1575087151,
                      "metadata": {
                      },
                      "plan": {
                        "id": "plan_GGvA0laBnKm4kD",
                        "object": "plan",
                        "active": true,
                        "aggregate_usage": null,
                        "amount": 10330,
                        "amount_decimal": "10330",
                        "billing_scheme": "per_unit",
                        "created": 1575087150,
                        "currency": "usd",
                        "interval": "month",
                        "interval_count": 1,
                        "livemode": false,
                        "metadata": {
                        },
                        "nickname": "Ampled Support $5",
                        "product": "prod_GGvAjt1C6XptPQ",
                        "tiers": null,
                        "tiers_mode": null,
                        "transform_usage": null,
                        "trial_period_days": null,
                        "usage_type": "licensed"
                      },
                      "quantity": 1,
                      "subscription": "sub_GGvA5EcIsg4Jkg",
                      "tax_rates": [

                      ]
                    }
                  ],
                  "has_more": false,
                  "total_count": 1,
                  "url": "/v1/subscription_items?subscription=sub_GGvA5EcIsg4Jkg"
                },
                "latest_invoice": "in_1FkNJrKB00tmjmIIBeqiKcUs",
                "livemode": false,
                "metadata": {
                },
                "next_pending_invoice_item_invoice": null,
                "pending_invoice_item_interval": null,
                "pending_setup_intent": null,
                "plan": {
                  "id": "plan_GGvA0laBnKm4kD",
                  "object": "plan",
                  "active": true,
                  "aggregate_usage": null,
                  "amount": 10330,
                  "amount_decimal": "10330",
                  "billing_scheme": "per_unit",
                  "created": 1575087150,
                  "currency": "usd",
                  "interval": "month",
                  "interval_count": 1,
                  "livemode": false,
                  "metadata": {
                  },
                  "nickname": "Ampled Support $5",
                  "product": "prod_GGvAjt1C6XptPQ",
                  "tiers": null,
                  "tiers_mode": null,
                  "transform_usage": null,
                  "trial_period_days": null,
                  "usage_type": "licensed"
                },
                "quantity": 1,
                "schedule": null,
                "start": 1575087151,
                "start_date": 1575087151,
                "status": "active",
                "tax_percent": null,
                "trial_end": null,
                "trial_start": null
              }
            ],
            "has_more": false,
            "total_count": 1,
            "url": "/v1/customers/cus_GGvAy46TQVMrX1/subscriptions"
          },
          "tax_exempt": "none",
          "tax_ids": {
            "object": "list",
            "data": [

            ],
            "has_more": false,
            "total_count": 0,
            "url": "/v1/customers/cus_GGvAy46TQVMrX1/tax_ids"
          },
          "tax_info": null,
          "tax_info_verification": null
        }
    http_version: 
  recorded_at: Sat, 30 Nov 2019 04:12:34 GMT
recorded_with: VCR 4.0.0
